/home/eliasalbag/KTH/sveaMasterThesis/svea_charging/install/svea_localization/lib/python3.12/site-packages/svea_localization/__init__.py
/home/eliasalbag/KTH/sveaMasterThesis/svea_charging/install/svea_localization/lib/python3.12/site-packages/svea_localization/__pycache__/__init__.cpython-312.pyc
/home/eliasalbag/KTH/sveaMasterThesis/svea_charging/install/svea_localization/share/ament_index/resource_index/packages/svea_localization
/home/eliasalbag/KTH/sveaMasterThesis/svea_charging/install/svea_localization/share/svea_localization/package.xml
/home/eliasalbag/KTH/sveaMasterThesis/svea_charging/install/svea_localization/share/svea_localization/launch/slam_and_bag.xml
/home/eliasalbag/KTH/sveaMasterThesis/svea_charging/install/svea_localization/share/svea_localization/launch/slam_from_bag.xml
/home/eliasalbag/KTH/sveaMasterThesis/svea_charging/install/svea_localization/share/svea_localization/launch/localization_debugger.xml
/home/eliasalbag/KTH/sveaMasterThesis/svea_charging/install/svea_localization/share/svea_localization/launch/transforms.xml
/home/eliasalbag/KTH/sveaMasterThesis/svea_charging/install/svea_localization/share/svea_localization/launch/slam.xml
/home/eliasalbag/KTH/sveaMasterThesis/svea_charging/install/svea_localization/share/svea_localization/launch/localize.xml
/home/eliasalbag/KTH/sveaMasterThesis/svea_charging/install/svea_localization/share/svea_localization/launch/transforms_ns.xml
/home/eliasalbag/KTH/sveaMasterThesis/svea_charging/install/svea_localization/share/svea_localization/launch/lidar.xml
/home/eliasalbag/KTH/sveaMasterThesis/svea_charging/install/svea_localization/share/svea_localization/launch/rtk.xml
/home/eliasalbag/KTH/sveaMasterThesis/svea_charging/install/svea_localization/share/svea_localization/launch/controller.xml
/home/eliasalbag/KTH/sveaMasterThesis/svea_charging/install/svea_localization/share/svea_localization/launch/navsat.xml
/home/eliasalbag/KTH/sveaMasterThesis/svea_charging/install/svea_localization/share/svea_localization/launch/localization.py
/home/eliasalbag/KTH/sveaMasterThesis/svea_charging/install/svea_localization/share/svea_localization/params/localize.yaml
/home/eliasalbag/KTH/sveaMasterThesis/svea_charging/install/svea_localization/share/svea_localization/params/localization.yaml
/home/eliasalbag/KTH/sveaMasterThesis/svea_charging/install/svea_localization/share/svea_localization/params/slam_sync.yaml
/home/eliasalbag/KTH/sveaMasterThesis/svea_charging/install/svea_localization/share/svea_localization/params/global_ekf.yaml
/home/eliasalbag/KTH/sveaMasterThesis/svea_charging/install/svea_localization/share/svea_localization/params/local_ekf.yaml
/home/eliasalbag/KTH/sveaMasterThesis/svea_charging/install/svea_localization/lib/svea_localization/lidar_timestamp.py
/home/eliasalbag/KTH/sveaMasterThesis/svea_charging/install/svea_localization/lib/svea_localization/quat_to_euler_relay.py
/home/eliasalbag/KTH/sveaMasterThesis/svea_charging/install/svea_localization/lib/svea_localization/plot_localization.py
/home/eliasalbag/KTH/sveaMasterThesis/svea_charging/install/svea_localization/lib/svea_localization/gps_to_utm_relay.py
/home/eliasalbag/KTH/sveaMasterThesis/svea_charging/install/svea_localization/lib/svea_localization/rtk_manager.py
/home/eliasalbag/KTH/sveaMasterThesis/svea_charging/install/svea_localization/lib/svea_localization/set_datum_node.py
/home/eliasalbag/KTH/sveaMasterThesis/svea_charging/install/svea_localization/lib/svea_localization/odom_to_path_relay.py
/home/eliasalbag/KTH/sveaMasterThesis/svea_charging/install/svea_localization/lib/python3.12/site-packages/svea_localization-0.0.0-py3.12.egg-info/requires.txt
/home/eliasalbag/KTH/sveaMasterThesis/svea_charging/install/svea_localization/lib/python3.12/site-packages/svea_localization-0.0.0-py3.12.egg-info/top_level.txt
/home/eliasalbag/KTH/sveaMasterThesis/svea_charging/install/svea_localization/lib/python3.12/site-packages/svea_localization-0.0.0-py3.12.egg-info/dependency_links.txt
/home/eliasalbag/KTH/sveaMasterThesis/svea_charging/install/svea_localization/lib/python3.12/site-packages/svea_localization-0.0.0-py3.12.egg-info/SOURCES.txt
/home/eliasalbag/KTH/sveaMasterThesis/svea_charging/install/svea_localization/lib/python3.12/site-packages/svea_localization-0.0.0-py3.12.egg-info/zip-safe
/home/eliasalbag/KTH/sveaMasterThesis/svea_charging/install/svea_localization/lib/python3.12/site-packages/svea_localization-0.0.0-py3.12.egg-info/PKG-INFO
