/home/eliasalbag/KTH/sveaMasterThesis/svea_charging/install/svea_examples/lib/python3.12/site-packages/svea_examples/__init__.py
/home/eliasalbag/KTH/sveaMasterThesis/svea_charging/install/svea_examples/lib/python3.12/site-packages/svea_examples/__pycache__/__init__.cpython-312.pyc
/home/eliasalbag/KTH/sveaMasterThesis/svea_charging/install/svea_examples/share/ament_index/resource_index/packages/svea_examples
/home/eliasalbag/KTH/sveaMasterThesis/svea_charging/install/svea_examples/share/svea_examples/package.xml
/home/eliasalbag/KTH/sveaMasterThesis/svea_charging/install/svea_examples/share/svea_examples/launch/multi.xml
/home/eliasalbag/KTH/sveaMasterThesis/svea_charging/install/svea_examples/share/svea_examples/launch/floor2.xml
/home/eliasalbag/KTH/sveaMasterThesis/svea_charging/install/svea_examples/share/svea_examples/launch/mpc_navigation.xml
/home/eliasalbag/KTH/sveaMasterThesis/svea_charging/install/svea_examples/share/svea_examples/launch/teleop_floor2.xml
/home/eliasalbag/KTH/sveaMasterThesis/svea_charging/install/svea_examples/lib/svea_examples/mpc_path_tracking.py
/home/eliasalbag/KTH/sveaMasterThesis/svea_charging/install/svea_examples/lib/svea_examples/mpc.py
/home/eliasalbag/KTH/sveaMasterThesis/svea_charging/install/svea_examples/lib/svea_examples/pure_pursuit.py
/home/eliasalbag/KTH/sveaMasterThesis/svea_charging/install/svea_examples/lib/svea_examples/__init__.py
/home/eliasalbag/KTH/sveaMasterThesis/svea_charging/install/svea_examples/lib/svea_examples/teleop_control.py
/home/eliasalbag/KTH/sveaMasterThesis/svea_charging/install/svea_examples/share/svea_examples/launch
/home/eliasalbag/KTH/sveaMasterThesis/svea_charging/install/svea_examples/lib/python3.12/site-packages/svea_examples-0.0.0-py3.12.egg-info/requires.txt
/home/eliasalbag/KTH/sveaMasterThesis/svea_charging/install/svea_examples/lib/python3.12/site-packages/svea_examples-0.0.0-py3.12.egg-info/top_level.txt
/home/eliasalbag/KTH/sveaMasterThesis/svea_charging/install/svea_examples/lib/python3.12/site-packages/svea_examples-0.0.0-py3.12.egg-info/dependency_links.txt
/home/eliasalbag/KTH/sveaMasterThesis/svea_charging/install/svea_examples/lib/python3.12/site-packages/svea_examples-0.0.0-py3.12.egg-info/SOURCES.txt
/home/eliasalbag/KTH/sveaMasterThesis/svea_charging/install/svea_examples/lib/python3.12/site-packages/svea_examples-0.0.0-py3.12.egg-info/zip-safe
/home/eliasalbag/KTH/sveaMasterThesis/svea_charging/install/svea_examples/lib/python3.12/site-packages/svea_examples-0.0.0-py3.12.egg-info/PKG-INFO
