running egg_info
creating ../../build/svea_localization/svea_localization.egg-info
writing ../../build/svea_localization/svea_localization.egg-info/PKG-INFO
writing dependency_links to ../../build/svea_localization/svea_localization.egg-info/dependency_links.txt
writing requirements to ../../build/svea_localization/svea_localization.egg-info/requires.txt
writing top-level names to ../../build/svea_localization/svea_localization.egg-info/top_level.txt
writing manifest file '../../build/svea_localization/svea_localization.egg-info/SOURCES.txt'
reading manifest file '../../build/svea_localization/svea_localization.egg-info/SOURCES.txt'
writing manifest file '../../build/svea_localization/svea_localization.egg-info/SOURCES.txt'
running build
running build_py
creating /home/eliasalbag/KTH/sveaMasterThesis/svea_charging/build/svea_localization/build
creating /home/eliasalbag/KTH/sveaMasterThesis/svea_charging/build/svea_localization/build/lib
creating /home/eliasalbag/KTH/sveaMasterThesis/svea_charging/build/svea_localization/build/lib/svea_localization
copying svea_localization/__init__.py -> /home/eliasalbag/KTH/sveaMasterThesis/svea_charging/build/svea_localization/build/lib/svea_localization
running install
running install_lib
creating /home/eliasalbag/KTH/sveaMasterThesis/svea_charging/install/svea_localization/lib/python3.12/site-packages/svea_localization
copying /home/eliasalbag/KTH/sveaMasterThesis/svea_charging/build/svea_localization/build/lib/svea_localization/__init__.py -> /home/eliasalbag/KTH/sveaMasterThesis/svea_charging/install/svea_localization/lib/python3.12/site-packages/svea_localization
byte-compiling /home/eliasalbag/KTH/sveaMasterThesis/svea_charging/install/svea_localization/lib/python3.12/site-packages/svea_localization/__init__.py to __init__.cpython-312.pyc
running install_data
creating /home/eliasalbag/KTH/sveaMasterThesis/svea_charging/install/svea_localization/share/ament_index
creating /home/eliasalbag/KTH/sveaMasterThesis/svea_charging/install/svea_localization/share/ament_index/resource_index
creating /home/eliasalbag/KTH/sveaMasterThesis/svea_charging/install/svea_localization/share/ament_index/resource_index/packages
copying resource/svea_localization -> /home/eliasalbag/KTH/sveaMasterThesis/svea_charging/install/svea_localization/share/ament_index/resource_index/packages
copying package.xml -> /home/eliasalbag/KTH/sveaMasterThesis/svea_charging/install/svea_localization/share/svea_localization
creating /home/eliasalbag/KTH/sveaMasterThesis/svea_charging/install/svea_localization/share/svea_localization/launch
copying launch/slam_and_bag.xml -> /home/eliasalbag/KTH/sveaMasterThesis/svea_charging/install/svea_localization/share/svea_localization/launch
copying launch/slam_from_bag.xml -> /home/eliasalbag/KTH/sveaMasterThesis/svea_charging/install/svea_localization/share/svea_localization/launch
copying launch/localization_debugger.xml -> /home/eliasalbag/KTH/sveaMasterThesis/svea_charging/install/svea_localization/share/svea_localization/launch
copying launch/transforms.xml -> /home/eliasalbag/KTH/sveaMasterThesis/svea_charging/install/svea_localization/share/svea_localization/launch
copying launch/slam.xml -> /home/eliasalbag/KTH/sveaMasterThesis/svea_charging/install/svea_localization/share/svea_localization/launch
copying launch/localize.xml -> /home/eliasalbag/KTH/sveaMasterThesis/svea_charging/install/svea_localization/share/svea_localization/launch
copying launch/transforms_ns.xml -> /home/eliasalbag/KTH/sveaMasterThesis/svea_charging/install/svea_localization/share/svea_localization/launch
copying launch/sensors/lidar.xml -> /home/eliasalbag/KTH/sveaMasterThesis/svea_charging/install/svea_localization/share/svea_localization/launch
copying launch/sensors/rtk.xml -> /home/eliasalbag/KTH/sveaMasterThesis/svea_charging/install/svea_localization/share/svea_localization/launch
copying launch/sensors/controller.xml -> /home/eliasalbag/KTH/sveaMasterThesis/svea_charging/install/svea_localization/share/svea_localization/launch
copying launch/sensors/navsat.xml -> /home/eliasalbag/KTH/sveaMasterThesis/svea_charging/install/svea_localization/share/svea_localization/launch
copying launch/localization.py -> /home/eliasalbag/KTH/sveaMasterThesis/svea_charging/install/svea_localization/share/svea_localization/launch
creating /home/eliasalbag/KTH/sveaMasterThesis/svea_charging/install/svea_localization/share/svea_localization/params
copying params/amcl/localize.yaml -> /home/eliasalbag/KTH/sveaMasterThesis/svea_charging/install/svea_localization/share/svea_localization/params
copying params/slam_toolbox/localization.yaml -> /home/eliasalbag/KTH/sveaMasterThesis/svea_charging/install/svea_localization/share/svea_localization/params
copying params/slam_toolbox/slam_sync.yaml -> /home/eliasalbag/KTH/sveaMasterThesis/svea_charging/install/svea_localization/share/svea_localization/params
copying params/robot_localization/global_ekf.yaml -> /home/eliasalbag/KTH/sveaMasterThesis/svea_charging/install/svea_localization/share/svea_localization/params
copying params/robot_localization/local_ekf.yaml -> /home/eliasalbag/KTH/sveaMasterThesis/svea_charging/install/svea_localization/share/svea_localization/params
creating /home/eliasalbag/KTH/sveaMasterThesis/svea_charging/install/svea_localization/lib/svea_localization
copying scripts/lidar_timestamp.py -> /home/eliasalbag/KTH/sveaMasterThesis/svea_charging/install/svea_localization/lib/svea_localization
copying scripts/quat_to_euler_relay.py -> /home/eliasalbag/KTH/sveaMasterThesis/svea_charging/install/svea_localization/lib/svea_localization
copying scripts/plot_localization.py -> /home/eliasalbag/KTH/sveaMasterThesis/svea_charging/install/svea_localization/lib/svea_localization
copying scripts/gps_to_utm_relay.py -> /home/eliasalbag/KTH/sveaMasterThesis/svea_charging/install/svea_localization/lib/svea_localization
copying scripts/rtk_manager.py -> /home/eliasalbag/KTH/sveaMasterThesis/svea_charging/install/svea_localization/lib/svea_localization
copying scripts/set_datum_node.py -> /home/eliasalbag/KTH/sveaMasterThesis/svea_charging/install/svea_localization/lib/svea_localization
copying scripts/odom_to_path_relay.py -> /home/eliasalbag/KTH/sveaMasterThesis/svea_charging/install/svea_localization/lib/svea_localization
running install_egg_info
Copying ../../build/svea_localization/svea_localization.egg-info to /home/eliasalbag/KTH/sveaMasterThesis/svea_charging/install/svea_localization/lib/python3.12/site-packages/svea_localization-0.0.0-py3.12.egg-info
running install_scripts
writing list of installed files to '/home/eliasalbag/KTH/sveaMasterThesis/svea_charging/build/svea_localization/install.log'
