[0.125s] DEBUG:colcon:Command line arguments: ['/usr/bin/colcon', 'build', '--packages-select', 'svea_charging']
[0.125s] DEBUG:colcon:Parsed command line arguments: Namespace(log_base=None, log_level=None, verb_name='build', build_base='build', install_base='install', merge_install=False, symlink_install=False, test_result_base=None, continue_on_error=False, executor='parallel', parallel_workers=12, event_handlers=None, ignore_user_meta=False, metas=['./colcon.meta'], base_paths=['.'], packages_ignore=None, packages_ignore_regex=None, paths=None, packages_up_to=None, packages_up_to_regex=None, packages_above=None, packages_above_and_dependencies=None, packages_above_depth=None, packages_select_by_dep=None, packages_skip_by_dep=None, packages_skip_up_to=None, packages_select_build_failed=False, packages_skip_build_finished=False, packages_select_test_failures=False, packages_skip_test_passed=False, packages_select=['svea_charging'], packages_skip=None, packages_select_regex=None, packages_skip_regex=None, packages_start=None, packages_end=None, allow_overriding=[], cmake_args=None, cmake_target=None, cmake_target_skip_unavailable=False, cmake_clean_cache=False, cmake_clean_first=False, cmake_force_configure=False, ament_cmake_args=None, catkin_cmake_args=None, catkin_skip_building_tests=False, mixin_files=None, mixin=None, verb_parser=<colcon_mixin.mixin.mixin_argument.MixinArgumentDecorator object at 0x7a00494ae9c0>, verb_extension=<colcon_core.verb.build.BuildVerb object at 0x7a004948e4b0>, main=<bound method BuildVerb.main of <colcon_core.verb.build.BuildVerb object at 0x7a004948e4b0>>, mixin_verb=('build',))
[0.169s] Level 1:colcon.colcon_core.package_discovery:discover_packages(colcon_meta) check parameters
[0.169s] Level 1:colcon.colcon_core.package_discovery:discover_packages(recursive) check parameters
[0.169s] Level 1:colcon.colcon_core.package_discovery:discover_packages(ignore) check parameters
[0.169s] Level 1:colcon.colcon_core.package_discovery:discover_packages(path) check parameters
[0.169s] Level 1:colcon.colcon_core.package_discovery:discover_packages(colcon_meta) discover
[0.169s] Level 1:colcon.colcon_core.package_discovery:discover_packages(recursive) discover
[0.169s] INFO:colcon.colcon_core.package_discovery:Crawling recursively for packages in '/home/eliasalbag/KTH/sveaMasterThesis/svea_charging'
[0.169s] Level 1:colcon.colcon_core.package_identification:_identify(.) by extensions ['ignore', 'ignore_ament_install']
[0.170s] Level 1:colcon.colcon_core.package_identification:_identify(.) by extension 'ignore'
[0.170s] Level 1:colcon.colcon_core.package_identification:_identify(.) by extension 'ignore_ament_install'
[0.170s] Level 1:colcon.colcon_core.package_identification:_identify(.) by extensions ['colcon_pkg']
[0.170s] Level 1:colcon.colcon_core.package_identification:_identify(.) by extension 'colcon_pkg'
[0.170s] Level 1:colcon.colcon_core.package_identification:_identify(.) by extensions ['colcon_meta']
[0.170s] Level 1:colcon.colcon_core.package_identification:_identify(.) by extension 'colcon_meta'
[0.170s] Level 1:colcon.colcon_core.package_identification:_identify(.) by extensions ['ros']
[0.170s] Level 1:colcon.colcon_core.package_identification:_identify(.) by extension 'ros'
[0.198s] Level 1:colcon.colcon_core.package_identification:_identify(.) by extensions ['cmake', 'python']
[0.198s] Level 1:colcon.colcon_core.package_identification:_identify(.) by extension 'cmake'
[0.198s] Level 1:colcon.colcon_core.package_identification:_identify(.) by extension 'python'
[0.198s] Level 1:colcon.colcon_core.package_identification:_identify(.) by extensions ['python_setup_py']
[0.198s] Level 1:colcon.colcon_core.package_identification:_identify(.) by extension 'python_setup_py'
[0.198s] Level 1:colcon.colcon_core.package_identification:_identify(build) by extensions ['ignore', 'ignore_ament_install']
[0.199s] Level 1:colcon.colcon_core.package_identification:_identify(build) by extension 'ignore'
[0.199s] Level 1:colcon.colcon_core.package_identification:_identify(build) ignored
[0.199s] Level 1:colcon.colcon_core.package_identification:_identify(docker) by extensions ['ignore', 'ignore_ament_install']
[0.199s] Level 1:colcon.colcon_core.package_identification:_identify(docker) by extension 'ignore'
[0.199s] Level 1:colcon.colcon_core.package_identification:_identify(docker) by extension 'ignore_ament_install'
[0.199s] Level 1:colcon.colcon_core.package_identification:_identify(docker) by extensions ['colcon_pkg']
[0.199s] Level 1:colcon.colcon_core.package_identification:_identify(docker) by extension 'colcon_pkg'
[0.199s] Level 1:colcon.colcon_core.package_identification:_identify(docker) by extensions ['colcon_meta']
[0.199s] Level 1:colcon.colcon_core.package_identification:_identify(docker) by extension 'colcon_meta'
[0.199s] Level 1:colcon.colcon_core.package_identification:_identify(docker) by extensions ['ros']
[0.199s] Level 1:colcon.colcon_core.package_identification:_identify(docker) by extension 'ros'
[0.199s] Level 1:colcon.colcon_core.package_identification:_identify(docker) by extensions ['cmake', 'python']
[0.199s] Level 1:colcon.colcon_core.package_identification:_identify(docker) by extension 'cmake'
[0.199s] Level 1:colcon.colcon_core.package_identification:_identify(docker) by extension 'python'
[0.200s] Level 1:colcon.colcon_core.package_identification:_identify(docker) by extensions ['python_setup_py']
[0.200s] Level 1:colcon.colcon_core.package_identification:_identify(docker) by extension 'python_setup_py'
[0.200s] Level 1:colcon.colcon_core.package_identification:_identify(docs) by extensions ['ignore', 'ignore_ament_install']
[0.200s] Level 1:colcon.colcon_core.package_identification:_identify(docs) by extension 'ignore'
[0.200s] Level 1:colcon.colcon_core.package_identification:_identify(docs) by extension 'ignore_ament_install'
[0.200s] Level 1:colcon.colcon_core.package_identification:_identify(docs) by extensions ['colcon_pkg']
[0.200s] Level 1:colcon.colcon_core.package_identification:_identify(docs) by extension 'colcon_pkg'
[0.200s] Level 1:colcon.colcon_core.package_identification:_identify(docs) by extensions ['colcon_meta']
[0.200s] Level 1:colcon.colcon_core.package_identification:_identify(docs) by extension 'colcon_meta'
[0.200s] Level 1:colcon.colcon_core.package_identification:_identify(docs) by extensions ['ros']
[0.200s] Level 1:colcon.colcon_core.package_identification:_identify(docs) by extension 'ros'
[0.200s] Level 1:colcon.colcon_core.package_identification:_identify(docs) by extensions ['cmake', 'python']
[0.200s] Level 1:colcon.colcon_core.package_identification:_identify(docs) by extension 'cmake'
[0.200s] Level 1:colcon.colcon_core.package_identification:_identify(docs) by extension 'python'
[0.200s] Level 1:colcon.colcon_core.package_identification:_identify(docs) by extensions ['python_setup_py']
[0.200s] Level 1:colcon.colcon_core.package_identification:_identify(docs) by extension 'python_setup_py'
[0.200s] Level 1:colcon.colcon_core.package_identification:_identify(docs/development) by extensions ['ignore', 'ignore_ament_install']
[0.201s] Level 1:colcon.colcon_core.package_identification:_identify(docs/development) by extension 'ignore'
[0.201s] Level 1:colcon.colcon_core.package_identification:_identify(docs/development) by extension 'ignore_ament_install'
[0.201s] Level 1:colcon.colcon_core.package_identification:_identify(docs/development) by extensions ['colcon_pkg']
[0.201s] Level 1:colcon.colcon_core.package_identification:_identify(docs/development) by extension 'colcon_pkg'
[0.201s] Level 1:colcon.colcon_core.package_identification:_identify(docs/development) by extensions ['colcon_meta']
[0.201s] Level 1:colcon.colcon_core.package_identification:_identify(docs/development) by extension 'colcon_meta'
[0.201s] Level 1:colcon.colcon_core.package_identification:_identify(docs/development) by extensions ['ros']
[0.201s] Level 1:colcon.colcon_core.package_identification:_identify(docs/development) by extension 'ros'
[0.201s] Level 1:colcon.colcon_core.package_identification:_identify(docs/development) by extensions ['cmake', 'python']
[0.201s] Level 1:colcon.colcon_core.package_identification:_identify(docs/development) by extension 'cmake'
[0.201s] Level 1:colcon.colcon_core.package_identification:_identify(docs/development) by extension 'python'
[0.201s] Level 1:colcon.colcon_core.package_identification:_identify(docs/development) by extensions ['python_setup_py']
[0.201s] Level 1:colcon.colcon_core.package_identification:_identify(docs/development) by extension 'python_setup_py'
[0.201s] Level 1:colcon.colcon_core.package_identification:_identify(docs/examples) by extensions ['ignore', 'ignore_ament_install']
[0.201s] Level 1:colcon.colcon_core.package_identification:_identify(docs/examples) by extension 'ignore'
[0.201s] Level 1:colcon.colcon_core.package_identification:_identify(docs/examples) by extension 'ignore_ament_install'
[0.202s] Level 1:colcon.colcon_core.package_identification:_identify(docs/examples) by extensions ['colcon_pkg']
[0.202s] Level 1:colcon.colcon_core.package_identification:_identify(docs/examples) by extension 'colcon_pkg'
[0.202s] Level 1:colcon.colcon_core.package_identification:_identify(docs/examples) by extensions ['colcon_meta']
[0.202s] Level 1:colcon.colcon_core.package_identification:_identify(docs/examples) by extension 'colcon_meta'
[0.202s] Level 1:colcon.colcon_core.package_identification:_identify(docs/examples) by extensions ['ros']
[0.202s] Level 1:colcon.colcon_core.package_identification:_identify(docs/examples) by extension 'ros'
[0.202s] Level 1:colcon.colcon_core.package_identification:_identify(docs/examples) by extensions ['cmake', 'python']
[0.202s] Level 1:colcon.colcon_core.package_identification:_identify(docs/examples) by extension 'cmake'
[0.202s] Level 1:colcon.colcon_core.package_identification:_identify(docs/examples) by extension 'python'
[0.202s] Level 1:colcon.colcon_core.package_identification:_identify(docs/examples) by extensions ['python_setup_py']
[0.202s] Level 1:colcon.colcon_core.package_identification:_identify(docs/examples) by extension 'python_setup_py'
[0.202s] Level 1:colcon.colcon_core.package_identification:_identify(docs/media) by extensions ['ignore', 'ignore_ament_install']
[0.202s] Level 1:colcon.colcon_core.package_identification:_identify(docs/media) by extension 'ignore'
[0.202s] Level 1:colcon.colcon_core.package_identification:_identify(docs/media) by extension 'ignore_ament_install'
[0.202s] Level 1:colcon.colcon_core.package_identification:_identify(docs/media) by extensions ['colcon_pkg']
[0.202s] Level 1:colcon.colcon_core.package_identification:_identify(docs/media) by extension 'colcon_pkg'
[0.202s] Level 1:colcon.colcon_core.package_identification:_identify(docs/media) by extensions ['colcon_meta']
[0.202s] Level 1:colcon.colcon_core.package_identification:_identify(docs/media) by extension 'colcon_meta'
[0.203s] Level 1:colcon.colcon_core.package_identification:_identify(docs/media) by extensions ['ros']
[0.203s] Level 1:colcon.colcon_core.package_identification:_identify(docs/media) by extension 'ros'
[0.203s] Level 1:colcon.colcon_core.package_identification:_identify(docs/media) by extensions ['cmake', 'python']
[0.203s] Level 1:colcon.colcon_core.package_identification:_identify(docs/media) by extension 'cmake'
[0.203s] Level 1:colcon.colcon_core.package_identification:_identify(docs/media) by extension 'python'
[0.203s] Level 1:colcon.colcon_core.package_identification:_identify(docs/media) by extensions ['python_setup_py']
[0.203s] Level 1:colcon.colcon_core.package_identification:_identify(docs/media) by extension 'python_setup_py'
[0.203s] Level 1:colcon.colcon_core.package_identification:_identify(docs/media/tutorials) by extensions ['ignore', 'ignore_ament_install']
[0.203s] Level 1:colcon.colcon_core.package_identification:_identify(docs/media/tutorials) by extension 'ignore'
[0.203s] Level 1:colcon.colcon_core.package_identification:_identify(docs/media/tutorials) by extension 'ignore_ament_install'
[0.203s] Level 1:colcon.colcon_core.package_identification:_identify(docs/media/tutorials) by extensions ['colcon_pkg']
[0.203s] Level 1:colcon.colcon_core.package_identification:_identify(docs/media/tutorials) by extension 'colcon_pkg'
[0.203s] Level 1:colcon.colcon_core.package_identification:_identify(docs/media/tutorials) by extensions ['colcon_meta']
[0.203s] Level 1:colcon.colcon_core.package_identification:_identify(docs/media/tutorials) by extension 'colcon_meta'
[0.203s] Level 1:colcon.colcon_core.package_identification:_identify(docs/media/tutorials) by extensions ['ros']
[0.203s] Level 1:colcon.colcon_core.package_identification:_identify(docs/media/tutorials) by extension 'ros'
[0.204s] Level 1:colcon.colcon_core.package_identification:_identify(docs/media/tutorials) by extensions ['cmake', 'python']
[0.204s] Level 1:colcon.colcon_core.package_identification:_identify(docs/media/tutorials) by extension 'cmake'
[0.204s] Level 1:colcon.colcon_core.package_identification:_identify(docs/media/tutorials) by extension 'python'
[0.204s] Level 1:colcon.colcon_core.package_identification:_identify(docs/media/tutorials) by extensions ['python_setup_py']
[0.204s] Level 1:colcon.colcon_core.package_identification:_identify(docs/media/tutorials) by extension 'python_setup_py'
[0.204s] Level 1:colcon.colcon_core.package_identification:_identify(docs/reference) by extensions ['ignore', 'ignore_ament_install']
[0.204s] Level 1:colcon.colcon_core.package_identification:_identify(docs/reference) by extension 'ignore'
[0.204s] Level 1:colcon.colcon_core.package_identification:_identify(docs/reference) by extension 'ignore_ament_install'
[0.204s] Level 1:colcon.colcon_core.package_identification:_identify(docs/reference) by extensions ['colcon_pkg']
[0.204s] Level 1:colcon.colcon_core.package_identification:_identify(docs/reference) by extension 'colcon_pkg'
[0.204s] Level 1:colcon.colcon_core.package_identification:_identify(docs/reference) by extensions ['colcon_meta']
[0.204s] Level 1:colcon.colcon_core.package_identification:_identify(docs/reference) by extension 'colcon_meta'
[0.204s] Level 1:colcon.colcon_core.package_identification:_identify(docs/reference) by extensions ['ros']
[0.204s] Level 1:colcon.colcon_core.package_identification:_identify(docs/reference) by extension 'ros'
[0.204s] Level 1:colcon.colcon_core.package_identification:_identify(docs/reference) by extensions ['cmake', 'python']
[0.204s] Level 1:colcon.colcon_core.package_identification:_identify(docs/reference) by extension 'cmake'
[0.204s] Level 1:colcon.colcon_core.package_identification:_identify(docs/reference) by extension 'python'
[0.204s] Level 1:colcon.colcon_core.package_identification:_identify(docs/reference) by extensions ['python_setup_py']
[0.204s] Level 1:colcon.colcon_core.package_identification:_identify(docs/reference) by extension 'python_setup_py'
[0.205s] Level 1:colcon.colcon_core.package_identification:_identify(docs/setup) by extensions ['ignore', 'ignore_ament_install']
[0.205s] Level 1:colcon.colcon_core.package_identification:_identify(docs/setup) by extension 'ignore'
[0.205s] Level 1:colcon.colcon_core.package_identification:_identify(docs/setup) by extension 'ignore_ament_install'
[0.205s] Level 1:colcon.colcon_core.package_identification:_identify(docs/setup) by extensions ['colcon_pkg']
[0.205s] Level 1:colcon.colcon_core.package_identification:_identify(docs/setup) by extension 'colcon_pkg'
[0.205s] Level 1:colcon.colcon_core.package_identification:_identify(docs/setup) by extensions ['colcon_meta']
[0.205s] Level 1:colcon.colcon_core.package_identification:_identify(docs/setup) by extension 'colcon_meta'
[0.205s] Level 1:colcon.colcon_core.package_identification:_identify(docs/setup) by extensions ['ros']
[0.205s] Level 1:colcon.colcon_core.package_identification:_identify(docs/setup) by extension 'ros'
[0.205s] Level 1:colcon.colcon_core.package_identification:_identify(docs/setup) by extensions ['cmake', 'python']
[0.205s] Level 1:colcon.colcon_core.package_identification:_identify(docs/setup) by extension 'cmake'
[0.205s] Level 1:colcon.colcon_core.package_identification:_identify(docs/setup) by extension 'python'
[0.205s] Level 1:colcon.colcon_core.package_identification:_identify(docs/setup) by extensions ['python_setup_py']
[0.205s] Level 1:colcon.colcon_core.package_identification:_identify(docs/setup) by extension 'python_setup_py'
[0.205s] Level 1:colcon.colcon_core.package_identification:_identify(docs/tutorials) by extensions ['ignore', 'ignore_ament_install']
[0.205s] Level 1:colcon.colcon_core.package_identification:_identify(docs/tutorials) by extension 'ignore'
[0.205s] Level 1:colcon.colcon_core.package_identification:_identify(docs/tutorials) by extension 'ignore_ament_install'
[0.206s] Level 1:colcon.colcon_core.package_identification:_identify(docs/tutorials) by extensions ['colcon_pkg']
[0.206s] Level 1:colcon.colcon_core.package_identification:_identify(docs/tutorials) by extension 'colcon_pkg'
[0.206s] Level 1:colcon.colcon_core.package_identification:_identify(docs/tutorials) by extensions ['colcon_meta']
[0.206s] Level 1:colcon.colcon_core.package_identification:_identify(docs/tutorials) by extension 'colcon_meta'
[0.206s] Level 1:colcon.colcon_core.package_identification:_identify(docs/tutorials) by extensions ['ros']
[0.206s] Level 1:colcon.colcon_core.package_identification:_identify(docs/tutorials) by extension 'ros'
[0.206s] Level 1:colcon.colcon_core.package_identification:_identify(docs/tutorials) by extensions ['cmake', 'python']
[0.206s] Level 1:colcon.colcon_core.package_identification:_identify(docs/tutorials) by extension 'cmake'
[0.206s] Level 1:colcon.colcon_core.package_identification:_identify(docs/tutorials) by extension 'python'
[0.206s] Level 1:colcon.colcon_core.package_identification:_identify(docs/tutorials) by extensions ['python_setup_py']
[0.206s] Level 1:colcon.colcon_core.package_identification:_identify(docs/tutorials) by extension 'python_setup_py'
[0.206s] Level 1:colcon.colcon_core.package_identification:_identify(firmware) by extensions ['ignore', 'ignore_ament_install']
[0.206s] Level 1:colcon.colcon_core.package_identification:_identify(firmware) by extension 'ignore'
[0.206s] Level 1:colcon.colcon_core.package_identification:_identify(firmware) by extension 'ignore_ament_install'
[0.206s] Level 1:colcon.colcon_core.package_identification:_identify(firmware) by extensions ['colcon_pkg']
[0.206s] Level 1:colcon.colcon_core.package_identification:_identify(firmware) by extension 'colcon_pkg'
[0.206s] Level 1:colcon.colcon_core.package_identification:_identify(firmware) by extensions ['colcon_meta']
[0.206s] Level 1:colcon.colcon_core.package_identification:_identify(firmware) by extension 'colcon_meta'
[0.206s] Level 1:colcon.colcon_core.package_identification:_identify(firmware) by extensions ['ros']
[0.206s] Level 1:colcon.colcon_core.package_identification:_identify(firmware) by extension 'ros'
[0.206s] Level 1:colcon.colcon_core.package_identification:_identify(firmware) by extensions ['cmake', 'python']
[0.207s] Level 1:colcon.colcon_core.package_identification:_identify(firmware) by extension 'cmake'
[0.207s] Level 1:colcon.colcon_core.package_identification:_identify(firmware) by extension 'python'
[0.207s] Level 1:colcon.colcon_core.package_identification:_identify(firmware) by extensions ['python_setup_py']
[0.207s] Level 1:colcon.colcon_core.package_identification:_identify(firmware) by extension 'python_setup_py'
[0.207s] Level 1:colcon.colcon_core.package_identification:_identify(foxglove) by extensions ['ignore', 'ignore_ament_install']
[0.207s] Level 1:colcon.colcon_core.package_identification:_identify(foxglove) by extension 'ignore'
[0.207s] Level 1:colcon.colcon_core.package_identification:_identify(foxglove) by extension 'ignore_ament_install'
[0.207s] Level 1:colcon.colcon_core.package_identification:_identify(foxglove) by extensions ['colcon_pkg']
[0.207s] Level 1:colcon.colcon_core.package_identification:_identify(foxglove) by extension 'colcon_pkg'
[0.207s] Level 1:colcon.colcon_core.package_identification:_identify(foxglove) by extensions ['colcon_meta']
[0.207s] Level 1:colcon.colcon_core.package_identification:_identify(foxglove) by extension 'colcon_meta'
[0.207s] Level 1:colcon.colcon_core.package_identification:_identify(foxglove) by extensions ['ros']
[0.207s] Level 1:colcon.colcon_core.package_identification:_identify(foxglove) by extension 'ros'
[0.207s] Level 1:colcon.colcon_core.package_identification:_identify(foxglove) by extensions ['cmake', 'python']
[0.207s] Level 1:colcon.colcon_core.package_identification:_identify(foxglove) by extension 'cmake'
[0.207s] Level 1:colcon.colcon_core.package_identification:_identify(foxglove) by extension 'python'
[0.207s] Level 1:colcon.colcon_core.package_identification:_identify(foxglove) by extensions ['python_setup_py']
[0.207s] Level 1:colcon.colcon_core.package_identification:_identify(foxglove) by extension 'python_setup_py'
[0.207s] Level 1:colcon.colcon_core.package_identification:_identify(install) by extensions ['ignore', 'ignore_ament_install']
[0.208s] Level 1:colcon.colcon_core.package_identification:_identify(install) by extension 'ignore'
[0.208s] Level 1:colcon.colcon_core.package_identification:_identify(install) ignored
[0.208s] Level 1:colcon.colcon_core.package_identification:_identify(log) by extensions ['ignore', 'ignore_ament_install']
[0.208s] Level 1:colcon.colcon_core.package_identification:_identify(log) by extension 'ignore'
[0.208s] Level 1:colcon.colcon_core.package_identification:_identify(log) ignored
[0.208s] Level 1:colcon.colcon_core.package_identification:_identify(src) by extensions ['ignore', 'ignore_ament_install']
[0.208s] Level 1:colcon.colcon_core.package_identification:_identify(src) by extension 'ignore'
[0.208s] Level 1:colcon.colcon_core.package_identification:_identify(src) by extension 'ignore_ament_install'
[0.208s] Level 1:colcon.colcon_core.package_identification:_identify(src) by extensions ['colcon_pkg']
[0.208s] Level 1:colcon.colcon_core.package_identification:_identify(src) by extension 'colcon_pkg'
[0.208s] Level 1:colcon.colcon_core.package_identification:_identify(src) by extensions ['colcon_meta']
[0.208s] Level 1:colcon.colcon_core.package_identification:_identify(src) by extension 'colcon_meta'
[0.208s] Level 1:colcon.colcon_core.package_identification:_identify(src) by extensions ['ros']
[0.208s] Level 1:colcon.colcon_core.package_identification:_identify(src) by extension 'ros'
[0.208s] Level 1:colcon.colcon_core.package_identification:_identify(src) by extensions ['cmake', 'python']
[0.208s] Level 1:colcon.colcon_core.package_identification:_identify(src) by extension 'cmake'
[0.208s] Level 1:colcon.colcon_core.package_identification:_identify(src) by extension 'python'
[0.209s] Level 1:colcon.colcon_core.package_identification:_identify(src) by extensions ['python_setup_py']
[0.209s] Level 1:colcon.colcon_core.package_identification:_identify(src) by extension 'python_setup_py'
[0.209s] Level 1:colcon.colcon_core.package_identification:_identify(src/svea_charging) by extensions ['ignore', 'ignore_ament_install']
[0.209s] Level 1:colcon.colcon_core.package_identification:_identify(src/svea_charging) by extension 'ignore'
[0.209s] Level 1:colcon.colcon_core.package_identification:_identify(src/svea_charging) by extension 'ignore_ament_install'
[0.209s] Level 1:colcon.colcon_core.package_identification:_identify(src/svea_charging) by extensions ['colcon_pkg']
[0.209s] Level 1:colcon.colcon_core.package_identification:_identify(src/svea_charging) by extension 'colcon_pkg'
[0.209s] Level 1:colcon.colcon_core.package_identification:_identify(src/svea_charging) by extensions ['colcon_meta']
[0.209s] Level 1:colcon.colcon_core.package_identification:_identify(src/svea_charging) by extension 'colcon_meta'
[0.209s] Level 1:colcon.colcon_core.package_identification:_identify(src/svea_charging) by extensions ['ros']
[0.209s] Level 1:colcon.colcon_core.package_identification:_identify(src/svea_charging) by extension 'ros'
[0.211s] DEBUG:colcon.colcon_core.package_identification:Package 'src/svea_charging' with type 'ros.ament_python' and name 'svea_charging'
[0.212s] Level 1:colcon.colcon_core.package_identification:_identify(src/svea_core) by extensions ['ignore', 'ignore_ament_install']
[0.212s] Level 1:colcon.colcon_core.package_identification:_identify(src/svea_core) by extension 'ignore'
[0.212s] Level 1:colcon.colcon_core.package_identification:_identify(src/svea_core) by extension 'ignore_ament_install'
[0.212s] Level 1:colcon.colcon_core.package_identification:_identify(src/svea_core) by extensions ['colcon_pkg']
[0.212s] Level 1:colcon.colcon_core.package_identification:_identify(src/svea_core) by extension 'colcon_pkg'
[0.212s] Level 1:colcon.colcon_core.package_identification:_identify(src/svea_core) by extensions ['colcon_meta']
[0.212s] Level 1:colcon.colcon_core.package_identification:_identify(src/svea_core) by extension 'colcon_meta'
[0.212s] Level 1:colcon.colcon_core.package_identification:_identify(src/svea_core) by extensions ['ros']
[0.212s] Level 1:colcon.colcon_core.package_identification:_identify(src/svea_core) by extension 'ros'
[0.213s] DEBUG:colcon.colcon_core.package_identification:Package 'src/svea_core' with type 'ros.ament_python' and name 'svea_core'
[0.213s] Level 1:colcon.colcon_core.package_identification:_identify(src/svea_examples) by extensions ['ignore', 'ignore_ament_install']
[0.213s] Level 1:colcon.colcon_core.package_identification:_identify(src/svea_examples) by extension 'ignore'
[0.213s] Level 1:colcon.colcon_core.package_identification:_identify(src/svea_examples) by extension 'ignore_ament_install'
[0.213s] Level 1:colcon.colcon_core.package_identification:_identify(src/svea_examples) by extensions ['colcon_pkg']
[0.213s] Level 1:colcon.colcon_core.package_identification:_identify(src/svea_examples) by extension 'colcon_pkg'
[0.213s] Level 1:colcon.colcon_core.package_identification:_identify(src/svea_examples) by extensions ['colcon_meta']
[0.213s] Level 1:colcon.colcon_core.package_identification:_identify(src/svea_examples) by extension 'colcon_meta'
[0.214s] Level 1:colcon.colcon_core.package_identification:_identify(src/svea_examples) by extensions ['ros']
[0.214s] Level 1:colcon.colcon_core.package_identification:_identify(src/svea_examples) by extension 'ros'
[0.214s] DEBUG:colcon.colcon_core.package_identification:Package 'src/svea_examples' with type 'ros.ament_python' and name 'svea_examples'
[0.214s] Level 1:colcon.colcon_core.package_identification:_identify(src/svea_localization) by extensions ['ignore', 'ignore_ament_install']
[0.214s] Level 1:colcon.colcon_core.package_identification:_identify(src/svea_localization) by extension 'ignore'
[0.214s] Level 1:colcon.colcon_core.package_identification:_identify(src/svea_localization) by extension 'ignore_ament_install'
[0.214s] Level 1:colcon.colcon_core.package_identification:_identify(src/svea_localization) by extensions ['colcon_pkg']
[0.214s] Level 1:colcon.colcon_core.package_identification:_identify(src/svea_localization) by extension 'colcon_pkg'
[0.214s] Level 1:colcon.colcon_core.package_identification:_identify(src/svea_localization) by extensions ['colcon_meta']
[0.214s] Level 1:colcon.colcon_core.package_identification:_identify(src/svea_localization) by extension 'colcon_meta'
[0.215s] Level 1:colcon.colcon_core.package_identification:_identify(src/svea_localization) by extensions ['ros']
[0.215s] Level 1:colcon.colcon_core.package_identification:_identify(src/svea_localization) by extension 'ros'
[0.216s] DEBUG:colcon.colcon_core.package_identification:Package 'src/svea_localization' with type 'ros.ament_python' and name 'svea_localization'
[0.216s] Level 1:colcon.colcon_core.package_identification:_identify(util) by extensions ['ignore', 'ignore_ament_install']
[0.216s] Level 1:colcon.colcon_core.package_identification:_identify(util) by extension 'ignore'
[0.216s] Level 1:colcon.colcon_core.package_identification:_identify(util) by extension 'ignore_ament_install'
[0.216s] Level 1:colcon.colcon_core.package_identification:_identify(util) by extensions ['colcon_pkg']
[0.216s] Level 1:colcon.colcon_core.package_identification:_identify(util) by extension 'colcon_pkg'
[0.216s] Level 1:colcon.colcon_core.package_identification:_identify(util) by extensions ['colcon_meta']
[0.216s] Level 1:colcon.colcon_core.package_identification:_identify(util) by extension 'colcon_meta'
[0.216s] Level 1:colcon.colcon_core.package_identification:_identify(util) by extensions ['ros']
[0.216s] Level 1:colcon.colcon_core.package_identification:_identify(util) by extension 'ros'
[0.216s] Level 1:colcon.colcon_core.package_identification:_identify(util) by extensions ['cmake', 'python']
[0.216s] Level 1:colcon.colcon_core.package_identification:_identify(util) by extension 'cmake'
[0.216s] Level 1:colcon.colcon_core.package_identification:_identify(util) by extension 'python'
[0.216s] Level 1:colcon.colcon_core.package_identification:_identify(util) by extensions ['python_setup_py']
[0.216s] Level 1:colcon.colcon_core.package_identification:_identify(util) by extension 'python_setup_py'
[0.216s] Level 1:colcon.colcon_core.package_discovery:discover_packages(recursive) using defaults
[0.216s] Level 1:colcon.colcon_core.package_discovery:discover_packages(ignore) discover
[0.217s] Level 1:colcon.colcon_core.package_discovery:discover_packages(ignore) using defaults
[0.217s] Level 1:colcon.colcon_core.package_discovery:discover_packages(path) discover
[0.217s] Level 1:colcon.colcon_core.package_discovery:discover_packages(path) using defaults
[0.236s] INFO:colcon.colcon_core.package_selection:Skipping not selected package 'svea_localization' in 'src/svea_localization'
[0.236s] INFO:colcon.colcon_core.package_selection:Skipping not selected package 'svea_core' in 'src/svea_core'
[0.236s] INFO:colcon.colcon_core.package_selection:Skipping not selected package 'svea_examples' in 'src/svea_examples'
[0.236s] Level 1:colcon.colcon_core.package_discovery:discover_packages(prefix_path) check parameters
[0.236s] Level 1:colcon.colcon_core.package_discovery:discover_packages(prefix_path) discover
[0.238s] DEBUG:colcon.colcon_installed_package_information.package_discovery:Found 4 installed packages in /home/eliasalbag/KTH/sveaMasterThesis/svea_charging/install
[0.241s] DEBUG:colcon.colcon_installed_package_information.package_discovery:Found 441 installed packages in /opt/ros/jazzy
[0.243s] Level 1:colcon.colcon_core.package_discovery:discover_packages(prefix_path) using defaults
[0.305s] Level 5:colcon.colcon_core.verb:set package 'svea_charging' build argument 'cmake_args' from command line to 'None'
[0.305s] Level 5:colcon.colcon_core.verb:set package 'svea_charging' build argument 'cmake_target' from command line to 'None'
[0.305s] Level 5:colcon.colcon_core.verb:set package 'svea_charging' build argument 'cmake_target_skip_unavailable' from command line to 'False'
[0.305s] Level 5:colcon.colcon_core.verb:set package 'svea_charging' build argument 'cmake_clean_cache' from command line to 'False'
[0.305s] Level 5:colcon.colcon_core.verb:set package 'svea_charging' build argument 'cmake_clean_first' from command line to 'False'
[0.305s] Level 5:colcon.colcon_core.verb:set package 'svea_charging' build argument 'cmake_force_configure' from command line to 'False'
[0.306s] Level 5:colcon.colcon_core.verb:set package 'svea_charging' build argument 'ament_cmake_args' from command line to 'None'
[0.306s] Level 5:colcon.colcon_core.verb:set package 'svea_charging' build argument 'catkin_cmake_args' from command line to 'None'
[0.306s] Level 5:colcon.colcon_core.verb:set package 'svea_charging' build argument 'catkin_skip_building_tests' from command line to 'False'
[0.306s] DEBUG:colcon.colcon_core.verb:Building package 'svea_charging' with the following arguments: {'ament_cmake_args': None, 'build_base': '/home/eliasalbag/KTH/sveaMasterThesis/svea_charging/build/svea_charging', 'catkin_cmake_args': None, 'catkin_skip_building_tests': False, 'cmake_args': None, 'cmake_clean_cache': False, 'cmake_clean_first': False, 'cmake_force_configure': False, 'cmake_target': None, 'cmake_target_skip_unavailable': False, 'install_base': '/home/eliasalbag/KTH/sveaMasterThesis/svea_charging/install/svea_charging', 'merge_install': False, 'path': '/home/eliasalbag/KTH/sveaMasterThesis/svea_charging/src/svea_charging', 'symlink_install': False, 'test_result_base': None}
[0.306s] INFO:colcon.colcon_core.executor:Executing jobs using 'parallel' executor
[0.307s] DEBUG:colcon.colcon_parallel_executor.executor.parallel:run_until_complete
[0.307s] INFO:colcon.colcon_ros.task.ament_python.build:Building ROS package in '/home/eliasalbag/KTH/sveaMasterThesis/svea_charging/src/svea_charging' with build type 'ament_python'
[0.307s] Level 1:colcon.colcon_core.shell:create_environment_hook('svea_charging', 'ament_prefix_path')
[0.310s] INFO:colcon.colcon_core.plugin_system:Skipping extension 'colcon_core.shell.bat': Not used on non-Windows systems
[0.310s] INFO:colcon.colcon_core.shell:Creating environment hook '/home/eliasalbag/KTH/sveaMasterThesis/svea_charging/install/svea_charging/share/svea_charging/hook/ament_prefix_path.ps1'
[0.311s] INFO:colcon.colcon_core.shell:Creating environment descriptor '/home/eliasalbag/KTH/sveaMasterThesis/svea_charging/install/svea_charging/share/svea_charging/hook/ament_prefix_path.dsv'
[0.311s] INFO:colcon.colcon_core.shell:Creating environment hook '/home/eliasalbag/KTH/sveaMasterThesis/svea_charging/install/svea_charging/share/svea_charging/hook/ament_prefix_path.sh'
[0.312s] INFO:colcon.colcon_core.shell:Skip shell extension 'powershell' for command environment: Not usable outside of PowerShell
[0.312s] DEBUG:colcon.colcon_core.shell:Skip shell extension 'dsv' for command environment
[0.575s] INFO:colcon.colcon_core.task.python.build:Building Python package in '/home/eliasalbag/KTH/sveaMasterThesis/svea_charging/src/svea_charging'
[0.576s] INFO:colcon.colcon_core.shell:Skip shell extension 'powershell' for command environment: Not usable outside of PowerShell
[0.576s] DEBUG:colcon.colcon_core.shell:Skip shell extension 'dsv' for command environment
[1.179s] DEBUG:colcon.colcon_core.event_handler.log_command:Invoking command in '/home/eliasalbag/KTH/sveaMasterThesis/svea_charging/src/svea_charging': DEBUGINFOD_URLS=https://debuginfod.ubuntu.com PYTHONPATH=/home/eliasalbag/KTH/sveaMasterThesis/svea_charging/build/svea_charging/prefix_override:/usr/lib/python3/dist-packages/colcon_core/task/python/colcon_distutils_commands:/home/eliasalbag/KTH/sveaMasterThesis/svea_charging/install/svea_charging/lib/python3.12/site-packages:${PYTHONPATH} /usr/bin/python3 -W ignore:setup.py install is deprecated -W ignore:easy_install command is deprecated setup.py egg_info --egg-base ../../build/svea_charging build --build-base /home/eliasalbag/KTH/sveaMasterThesis/svea_charging/build/svea_charging/build install --record /home/eliasalbag/KTH/sveaMasterThesis/svea_charging/build/svea_charging/install.log --single-version-externally-managed install_data
[1.660s] DEBUG:colcon.colcon_core.event_handler.log_command:Invoked command in '/home/eliasalbag/KTH/sveaMasterThesis/svea_charging/src/svea_charging' returned '0': DEBUGINFOD_URLS=https://debuginfod.ubuntu.com PYTHONPATH=/home/eliasalbag/KTH/sveaMasterThesis/svea_charging/build/svea_charging/prefix_override:/usr/lib/python3/dist-packages/colcon_core/task/python/colcon_distutils_commands:/home/eliasalbag/KTH/sveaMasterThesis/svea_charging/install/svea_charging/lib/python3.12/site-packages:${PYTHONPATH} /usr/bin/python3 -W ignore:setup.py install is deprecated -W ignore:easy_install command is deprecated setup.py egg_info --egg-base ../../build/svea_charging build --build-base /home/eliasalbag/KTH/sveaMasterThesis/svea_charging/build/svea_charging/build install --record /home/eliasalbag/KTH/sveaMasterThesis/svea_charging/build/svea_charging/install.log --single-version-externally-managed install_data
[1.662s] Level 1:colcon.colcon_core.environment:checking '/home/eliasalbag/KTH/sveaMasterThesis/svea_charging/install/svea_charging' for CMake module files
[1.662s] Level 1:colcon.colcon_core.environment:checking '/home/eliasalbag/KTH/sveaMasterThesis/svea_charging/install/svea_charging' for CMake config files
[1.663s] Level 1:colcon.colcon_core.environment:checking '/home/eliasalbag/KTH/sveaMasterThesis/svea_charging/install/svea_charging/lib'
[1.663s] Level 1:colcon.colcon_core.environment:checking '/home/eliasalbag/KTH/sveaMasterThesis/svea_charging/install/svea_charging/bin'
[1.663s] Level 1:colcon.colcon_core.environment:checking '/home/eliasalbag/KTH/sveaMasterThesis/svea_charging/install/svea_charging/lib/pkgconfig/svea_charging.pc'
[1.663s] Level 1:colcon.colcon_core.environment:checking '/home/eliasalbag/KTH/sveaMasterThesis/svea_charging/install/svea_charging/lib/python3.12/site-packages'
[1.663s] Level 1:colcon.colcon_core.shell:create_environment_hook('svea_charging', 'pythonpath')
[1.663s] INFO:colcon.colcon_core.shell:Creating environment hook '/home/eliasalbag/KTH/sveaMasterThesis/svea_charging/install/svea_charging/share/svea_charging/hook/pythonpath.ps1'
[1.664s] INFO:colcon.colcon_core.shell:Creating environment descriptor '/home/eliasalbag/KTH/sveaMasterThesis/svea_charging/install/svea_charging/share/svea_charging/hook/pythonpath.dsv'
[1.664s] INFO:colcon.colcon_core.shell:Creating environment hook '/home/eliasalbag/KTH/sveaMasterThesis/svea_charging/install/svea_charging/share/svea_charging/hook/pythonpath.sh'
[1.664s] Level 1:colcon.colcon_core.environment:checking '/home/eliasalbag/KTH/sveaMasterThesis/svea_charging/install/svea_charging/bin'
[1.664s] Level 1:colcon.colcon_core.environment:create_environment_scripts_only(svea_charging)
[1.665s] INFO:colcon.colcon_core.shell:Creating package script '/home/eliasalbag/KTH/sveaMasterThesis/svea_charging/install/svea_charging/share/svea_charging/package.ps1'
[1.665s] INFO:colcon.colcon_core.shell:Creating package descriptor '/home/eliasalbag/KTH/sveaMasterThesis/svea_charging/install/svea_charging/share/svea_charging/package.dsv'
[1.666s] INFO:colcon.colcon_core.shell:Creating package script '/home/eliasalbag/KTH/sveaMasterThesis/svea_charging/install/svea_charging/share/svea_charging/package.sh'
[1.666s] INFO:colcon.colcon_core.shell:Creating package script '/home/eliasalbag/KTH/sveaMasterThesis/svea_charging/install/svea_charging/share/svea_charging/package.bash'
[1.667s] INFO:colcon.colcon_core.shell:Creating package script '/home/eliasalbag/KTH/sveaMasterThesis/svea_charging/install/svea_charging/share/svea_charging/package.zsh'
[1.667s] Level 1:colcon.colcon_core.environment:create_file_with_runtime_dependencies(/home/eliasalbag/KTH/sveaMasterThesis/svea_charging/install/svea_charging/share/colcon-core/packages/svea_charging)
[1.667s] DEBUG:colcon.colcon_parallel_executor.executor.parallel:closing loop
[1.667s] DEBUG:colcon.colcon_parallel_executor.executor.parallel:loop closed
[1.667s] DEBUG:colcon.colcon_parallel_executor.executor.parallel:run_until_complete finished with '0'
[1.668s] DEBUG:colcon.colcon_core.event_reactor:joining thread
[1.673s] INFO:colcon.colcon_core.plugin_system:Skipping extension 'colcon_notification.desktop_notification.terminal_notifier': Not used on non-Darwin systems
[1.673s] INFO:colcon.colcon_core.plugin_system:Skipping extension 'colcon_notification.desktop_notification.win32': Not used on non-Windows systems
[1.673s] INFO:colcon.colcon_notification.desktop_notification:Sending desktop notification using 'notify2'
[1.681s] DEBUG:colcon.colcon_core.event_reactor:joined thread
[1.681s] INFO:colcon.colcon_core.shell:Creating prefix script '/home/eliasalbag/KTH/sveaMasterThesis/svea_charging/install/local_setup.ps1'
[1.682s] INFO:colcon.colcon_core.shell:Creating prefix util module '/home/eliasalbag/KTH/sveaMasterThesis/svea_charging/install/_local_setup_util_ps1.py'
[1.683s] INFO:colcon.colcon_core.shell:Creating prefix chain script '/home/eliasalbag/KTH/sveaMasterThesis/svea_charging/install/setup.ps1'
[1.684s] INFO:colcon.colcon_core.shell:Creating prefix script '/home/eliasalbag/KTH/sveaMasterThesis/svea_charging/install/local_setup.sh'
[1.684s] INFO:colcon.colcon_core.shell:Creating prefix util module '/home/eliasalbag/KTH/sveaMasterThesis/svea_charging/install/_local_setup_util_sh.py'
[1.684s] INFO:colcon.colcon_core.shell:Creating prefix chain script '/home/eliasalbag/KTH/sveaMasterThesis/svea_charging/install/setup.sh'
[1.685s] INFO:colcon.colcon_core.shell:Creating prefix script '/home/eliasalbag/KTH/sveaMasterThesis/svea_charging/install/local_setup.bash'
[1.686s] INFO:colcon.colcon_core.shell:Creating prefix chain script '/home/eliasalbag/KTH/sveaMasterThesis/svea_charging/install/setup.bash'
[1.686s] INFO:colcon.colcon_core.shell:Creating prefix script '/home/eliasalbag/KTH/sveaMasterThesis/svea_charging/install/local_setup.zsh'
[1.687s] INFO:colcon.colcon_core.shell:Creating prefix chain script '/home/eliasalbag/KTH/sveaMasterThesis/svea_charging/install/setup.zsh'
