[0.142s] DEBUG:colcon:Command line arguments: ['/usr/bin/colcon', 'build']
[0.142s] DEBUG:colcon:Parsed command line arguments: Namespace(log_base=None, log_level=None, verb_name='build', build_base='build', install_base='install', merge_install=False, symlink_install=False, test_result_base=None, continue_on_error=False, executor='parallel', parallel_workers=12, event_handlers=None, ignore_user_meta=False, metas=['./colcon.meta'], base_paths=['.'], packages_ignore=None, packages_ignore_regex=None, paths=None, packages_up_to=None, packages_up_to_regex=None, packages_above=None, packages_above_and_dependencies=None, packages_above_depth=None, packages_select_by_dep=None, packages_skip_by_dep=None, packages_skip_up_to=None, packages_select_build_failed=False, packages_skip_build_finished=False, packages_select_test_failures=False, packages_skip_test_passed=False, packages_select=None, packages_skip=None, packages_select_regex=None, packages_skip_regex=None, packages_start=None, packages_end=None, allow_overriding=[], cmake_args=None, cmake_target=None, cmake_target_skip_unavailable=False, cmake_clean_cache=False, cmake_clean_first=False, cmake_force_configure=False, ament_cmake_args=None, catkin_cmake_args=None, catkin_skip_building_tests=False, mixin_files=None, mixin=None, verb_parser=<colcon_mixin.mixin.mixin_argument.MixinArgumentDecorator object at 0x7c38cbfa2540>, verb_extension=<colcon_core.verb.build.BuildVerb object at 0x7c38cc9ae4b0>, main=<bound method BuildVerb.main of <colcon_core.verb.build.BuildVerb object at 0x7c38cc9ae4b0>>, mixin_verb=('build',))
[0.188s] Level 1:colcon.colcon_core.package_discovery:discover_packages(colcon_meta) check parameters
[0.188s] Level 1:colcon.colcon_core.package_discovery:discover_packages(recursive) check parameters
[0.188s] Level 1:colcon.colcon_core.package_discovery:discover_packages(ignore) check parameters
[0.188s] Level 1:colcon.colcon_core.package_discovery:discover_packages(path) check parameters
[0.188s] Level 1:colcon.colcon_core.package_discovery:discover_packages(colcon_meta) discover
[0.188s] Level 1:colcon.colcon_core.package_discovery:discover_packages(recursive) discover
[0.189s] INFO:colcon.colcon_core.package_discovery:Crawling recursively for packages in '/home/eliasalbag/KTH/sveaMasterThesis/svea_charging'
[0.189s] Level 1:colcon.colcon_core.package_identification:_identify(.) by extensions ['ignore', 'ignore_ament_install']
[0.189s] Level 1:colcon.colcon_core.package_identification:_identify(.) by extension 'ignore'
[0.189s] Level 1:colcon.colcon_core.package_identification:_identify(.) by extension 'ignore_ament_install'
[0.189s] Level 1:colcon.colcon_core.package_identification:_identify(.) by extensions ['colcon_pkg']
[0.189s] Level 1:colcon.colcon_core.package_identification:_identify(.) by extension 'colcon_pkg'
[0.189s] Level 1:colcon.colcon_core.package_identification:_identify(.) by extensions ['colcon_meta']
[0.189s] Level 1:colcon.colcon_core.package_identification:_identify(.) by extension 'colcon_meta'
[0.189s] Level 1:colcon.colcon_core.package_identification:_identify(.) by extensions ['ros']
[0.189s] Level 1:colcon.colcon_core.package_identification:_identify(.) by extension 'ros'
[0.218s] Level 1:colcon.colcon_core.package_identification:_identify(.) by extensions ['cmake', 'python']
[0.218s] Level 1:colcon.colcon_core.package_identification:_identify(.) by extension 'cmake'
[0.218s] Level 1:colcon.colcon_core.package_identification:_identify(.) by extension 'python'
[0.218s] Level 1:colcon.colcon_core.package_identification:_identify(.) by extensions ['python_setup_py']
[0.218s] Level 1:colcon.colcon_core.package_identification:_identify(.) by extension 'python_setup_py'
[0.218s] Level 1:colcon.colcon_core.package_identification:_identify(build) by extensions ['ignore', 'ignore_ament_install']
[0.218s] Level 1:colcon.colcon_core.package_identification:_identify(build) by extension 'ignore'
[0.218s] Level 1:colcon.colcon_core.package_identification:_identify(build) ignored
[0.218s] Level 1:colcon.colcon_core.package_identification:_identify(docker) by extensions ['ignore', 'ignore_ament_install']
[0.219s] Level 1:colcon.colcon_core.package_identification:_identify(docker) by extension 'ignore'
[0.219s] Level 1:colcon.colcon_core.package_identification:_identify(docker) by extension 'ignore_ament_install'
[0.219s] Level 1:colcon.colcon_core.package_identification:_identify(docker) by extensions ['colcon_pkg']
[0.219s] Level 1:colcon.colcon_core.package_identification:_identify(docker) by extension 'colcon_pkg'
[0.219s] Level 1:colcon.colcon_core.package_identification:_identify(docker) by extensions ['colcon_meta']
[0.219s] Level 1:colcon.colcon_core.package_identification:_identify(docker) by extension 'colcon_meta'
[0.219s] Level 1:colcon.colcon_core.package_identification:_identify(docker) by extensions ['ros']
[0.219s] Level 1:colcon.colcon_core.package_identification:_identify(docker) by extension 'ros'
[0.219s] Level 1:colcon.colcon_core.package_identification:_identify(docker) by extensions ['cmake', 'python']
[0.219s] Level 1:colcon.colcon_core.package_identification:_identify(docker) by extension 'cmake'
[0.219s] Level 1:colcon.colcon_core.package_identification:_identify(docker) by extension 'python'
[0.219s] Level 1:colcon.colcon_core.package_identification:_identify(docker) by extensions ['python_setup_py']
[0.219s] Level 1:colcon.colcon_core.package_identification:_identify(docker) by extension 'python_setup_py'
[0.219s] Level 1:colcon.colcon_core.package_identification:_identify(docs) by extensions ['ignore', 'ignore_ament_install']
[0.219s] Level 1:colcon.colcon_core.package_identification:_identify(docs) by extension 'ignore'
[0.219s] Level 1:colcon.colcon_core.package_identification:_identify(docs) by extension 'ignore_ament_install'
[0.219s] Level 1:colcon.colcon_core.package_identification:_identify(docs) by extensions ['colcon_pkg']
[0.220s] Level 1:colcon.colcon_core.package_identification:_identify(docs) by extension 'colcon_pkg'
[0.220s] Level 1:colcon.colcon_core.package_identification:_identify(docs) by extensions ['colcon_meta']
[0.220s] Level 1:colcon.colcon_core.package_identification:_identify(docs) by extension 'colcon_meta'
[0.220s] Level 1:colcon.colcon_core.package_identification:_identify(docs) by extensions ['ros']
[0.220s] Level 1:colcon.colcon_core.package_identification:_identify(docs) by extension 'ros'
[0.220s] Level 1:colcon.colcon_core.package_identification:_identify(docs) by extensions ['cmake', 'python']
[0.220s] Level 1:colcon.colcon_core.package_identification:_identify(docs) by extension 'cmake'
[0.220s] Level 1:colcon.colcon_core.package_identification:_identify(docs) by extension 'python'
[0.220s] Level 1:colcon.colcon_core.package_identification:_identify(docs) by extensions ['python_setup_py']
[0.220s] Level 1:colcon.colcon_core.package_identification:_identify(docs) by extension 'python_setup_py'
[0.220s] Level 1:colcon.colcon_core.package_identification:_identify(docs/development) by extensions ['ignore', 'ignore_ament_install']
[0.220s] Level 1:colcon.colcon_core.package_identification:_identify(docs/development) by extension 'ignore'
[0.220s] Level 1:colcon.colcon_core.package_identification:_identify(docs/development) by extension 'ignore_ament_install'
[0.220s] Level 1:colcon.colcon_core.package_identification:_identify(docs/development) by extensions ['colcon_pkg']
[0.220s] Level 1:colcon.colcon_core.package_identification:_identify(docs/development) by extension 'colcon_pkg'
[0.220s] Level 1:colcon.colcon_core.package_identification:_identify(docs/development) by extensions ['colcon_meta']
[0.220s] Level 1:colcon.colcon_core.package_identification:_identify(docs/development) by extension 'colcon_meta'
[0.221s] Level 1:colcon.colcon_core.package_identification:_identify(docs/development) by extensions ['ros']
[0.221s] Level 1:colcon.colcon_core.package_identification:_identify(docs/development) by extension 'ros'
[0.221s] Level 1:colcon.colcon_core.package_identification:_identify(docs/development) by extensions ['cmake', 'python']
[0.221s] Level 1:colcon.colcon_core.package_identification:_identify(docs/development) by extension 'cmake'
[0.221s] Level 1:colcon.colcon_core.package_identification:_identify(docs/development) by extension 'python'
[0.221s] Level 1:colcon.colcon_core.package_identification:_identify(docs/development) by extensions ['python_setup_py']
[0.221s] Level 1:colcon.colcon_core.package_identification:_identify(docs/development) by extension 'python_setup_py'
[0.221s] Level 1:colcon.colcon_core.package_identification:_identify(docs/examples) by extensions ['ignore', 'ignore_ament_install']
[0.221s] Level 1:colcon.colcon_core.package_identification:_identify(docs/examples) by extension 'ignore'
[0.221s] Level 1:colcon.colcon_core.package_identification:_identify(docs/examples) by extension 'ignore_ament_install'
[0.221s] Level 1:colcon.colcon_core.package_identification:_identify(docs/examples) by extensions ['colcon_pkg']
[0.221s] Level 1:colcon.colcon_core.package_identification:_identify(docs/examples) by extension 'colcon_pkg'
[0.221s] Level 1:colcon.colcon_core.package_identification:_identify(docs/examples) by extensions ['colcon_meta']
[0.221s] Level 1:colcon.colcon_core.package_identification:_identify(docs/examples) by extension 'colcon_meta'
[0.222s] Level 1:colcon.colcon_core.package_identification:_identify(docs/examples) by extensions ['ros']
[0.222s] Level 1:colcon.colcon_core.package_identification:_identify(docs/examples) by extension 'ros'
[0.222s] Level 1:colcon.colcon_core.package_identification:_identify(docs/examples) by extensions ['cmake', 'python']
[0.222s] Level 1:colcon.colcon_core.package_identification:_identify(docs/examples) by extension 'cmake'
[0.222s] Level 1:colcon.colcon_core.package_identification:_identify(docs/examples) by extension 'python'
[0.222s] Level 1:colcon.colcon_core.package_identification:_identify(docs/examples) by extensions ['python_setup_py']
[0.222s] Level 1:colcon.colcon_core.package_identification:_identify(docs/examples) by extension 'python_setup_py'
[0.222s] Level 1:colcon.colcon_core.package_identification:_identify(docs/media) by extensions ['ignore', 'ignore_ament_install']
[0.222s] Level 1:colcon.colcon_core.package_identification:_identify(docs/media) by extension 'ignore'
[0.222s] Level 1:colcon.colcon_core.package_identification:_identify(docs/media) by extension 'ignore_ament_install'
[0.222s] Level 1:colcon.colcon_core.package_identification:_identify(docs/media) by extensions ['colcon_pkg']
[0.222s] Level 1:colcon.colcon_core.package_identification:_identify(docs/media) by extension 'colcon_pkg'
[0.222s] Level 1:colcon.colcon_core.package_identification:_identify(docs/media) by extensions ['colcon_meta']
[0.222s] Level 1:colcon.colcon_core.package_identification:_identify(docs/media) by extension 'colcon_meta'
[0.222s] Level 1:colcon.colcon_core.package_identification:_identify(docs/media) by extensions ['ros']
[0.222s] Level 1:colcon.colcon_core.package_identification:_identify(docs/media) by extension 'ros'
[0.222s] Level 1:colcon.colcon_core.package_identification:_identify(docs/media) by extensions ['cmake', 'python']
[0.222s] Level 1:colcon.colcon_core.package_identification:_identify(docs/media) by extension 'cmake'
[0.222s] Level 1:colcon.colcon_core.package_identification:_identify(docs/media) by extension 'python'
[0.223s] Level 1:colcon.colcon_core.package_identification:_identify(docs/media) by extensions ['python_setup_py']
[0.223s] Level 1:colcon.colcon_core.package_identification:_identify(docs/media) by extension 'python_setup_py'
[0.223s] Level 1:colcon.colcon_core.package_identification:_identify(docs/media/tutorials) by extensions ['ignore', 'ignore_ament_install']
[0.223s] Level 1:colcon.colcon_core.package_identification:_identify(docs/media/tutorials) by extension 'ignore'
[0.223s] Level 1:colcon.colcon_core.package_identification:_identify(docs/media/tutorials) by extension 'ignore_ament_install'
[0.223s] Level 1:colcon.colcon_core.package_identification:_identify(docs/media/tutorials) by extensions ['colcon_pkg']
[0.223s] Level 1:colcon.colcon_core.package_identification:_identify(docs/media/tutorials) by extension 'colcon_pkg'
[0.223s] Level 1:colcon.colcon_core.package_identification:_identify(docs/media/tutorials) by extensions ['colcon_meta']
[0.223s] Level 1:colcon.colcon_core.package_identification:_identify(docs/media/tutorials) by extension 'colcon_meta'
[0.223s] Level 1:colcon.colcon_core.package_identification:_identify(docs/media/tutorials) by extensions ['ros']
[0.223s] Level 1:colcon.colcon_core.package_identification:_identify(docs/media/tutorials) by extension 'ros'
[0.223s] Level 1:colcon.colcon_core.package_identification:_identify(docs/media/tutorials) by extensions ['cmake', 'python']
[0.223s] Level 1:colcon.colcon_core.package_identification:_identify(docs/media/tutorials) by extension 'cmake'
[0.223s] Level 1:colcon.colcon_core.package_identification:_identify(docs/media/tutorials) by extension 'python'
[0.223s] Level 1:colcon.colcon_core.package_identification:_identify(docs/media/tutorials) by extensions ['python_setup_py']
[0.223s] Level 1:colcon.colcon_core.package_identification:_identify(docs/media/tutorials) by extension 'python_setup_py'
[0.223s] Level 1:colcon.colcon_core.package_identification:_identify(docs/reference) by extensions ['ignore', 'ignore_ament_install']
[0.224s] Level 1:colcon.colcon_core.package_identification:_identify(docs/reference) by extension 'ignore'
[0.224s] Level 1:colcon.colcon_core.package_identification:_identify(docs/reference) by extension 'ignore_ament_install'
[0.224s] Level 1:colcon.colcon_core.package_identification:_identify(docs/reference) by extensions ['colcon_pkg']
[0.224s] Level 1:colcon.colcon_core.package_identification:_identify(docs/reference) by extension 'colcon_pkg'
[0.224s] Level 1:colcon.colcon_core.package_identification:_identify(docs/reference) by extensions ['colcon_meta']
[0.224s] Level 1:colcon.colcon_core.package_identification:_identify(docs/reference) by extension 'colcon_meta'
[0.224s] Level 1:colcon.colcon_core.package_identification:_identify(docs/reference) by extensions ['ros']
[0.224s] Level 1:colcon.colcon_core.package_identification:_identify(docs/reference) by extension 'ros'
[0.224s] Level 1:colcon.colcon_core.package_identification:_identify(docs/reference) by extensions ['cmake', 'python']
[0.224s] Level 1:colcon.colcon_core.package_identification:_identify(docs/reference) by extension 'cmake'
[0.224s] Level 1:colcon.colcon_core.package_identification:_identify(docs/reference) by extension 'python'
[0.224s] Level 1:colcon.colcon_core.package_identification:_identify(docs/reference) by extensions ['python_setup_py']
[0.224s] Level 1:colcon.colcon_core.package_identification:_identify(docs/reference) by extension 'python_setup_py'
[0.224s] Level 1:colcon.colcon_core.package_identification:_identify(docs/setup) by extensions ['ignore', 'ignore_ament_install']
[0.224s] Level 1:colcon.colcon_core.package_identification:_identify(docs/setup) by extension 'ignore'
[0.224s] Level 1:colcon.colcon_core.package_identification:_identify(docs/setup) by extension 'ignore_ament_install'
[0.224s] Level 1:colcon.colcon_core.package_identification:_identify(docs/setup) by extensions ['colcon_pkg']
[0.224s] Level 1:colcon.colcon_core.package_identification:_identify(docs/setup) by extension 'colcon_pkg'
[0.225s] Level 1:colcon.colcon_core.package_identification:_identify(docs/setup) by extensions ['colcon_meta']
[0.225s] Level 1:colcon.colcon_core.package_identification:_identify(docs/setup) by extension 'colcon_meta'
[0.225s] Level 1:colcon.colcon_core.package_identification:_identify(docs/setup) by extensions ['ros']
[0.225s] Level 1:colcon.colcon_core.package_identification:_identify(docs/setup) by extension 'ros'
[0.225s] Level 1:colcon.colcon_core.package_identification:_identify(docs/setup) by extensions ['cmake', 'python']
[0.225s] Level 1:colcon.colcon_core.package_identification:_identify(docs/setup) by extension 'cmake'
[0.225s] Level 1:colcon.colcon_core.package_identification:_identify(docs/setup) by extension 'python'
[0.225s] Level 1:colcon.colcon_core.package_identification:_identify(docs/setup) by extensions ['python_setup_py']
[0.225s] Level 1:colcon.colcon_core.package_identification:_identify(docs/setup) by extension 'python_setup_py'
[0.225s] Level 1:colcon.colcon_core.package_identification:_identify(docs/tutorials) by extensions ['ignore', 'ignore_ament_install']
[0.225s] Level 1:colcon.colcon_core.package_identification:_identify(docs/tutorials) by extension 'ignore'
[0.225s] Level 1:colcon.colcon_core.package_identification:_identify(docs/tutorials) by extension 'ignore_ament_install'
[0.225s] Level 1:colcon.colcon_core.package_identification:_identify(docs/tutorials) by extensions ['colcon_pkg']
[0.225s] Level 1:colcon.colcon_core.package_identification:_identify(docs/tutorials) by extension 'colcon_pkg'
[0.225s] Level 1:colcon.colcon_core.package_identification:_identify(docs/tutorials) by extensions ['colcon_meta']
[0.225s] Level 1:colcon.colcon_core.package_identification:_identify(docs/tutorials) by extension 'colcon_meta'
[0.225s] Level 1:colcon.colcon_core.package_identification:_identify(docs/tutorials) by extensions ['ros']
[0.226s] Level 1:colcon.colcon_core.package_identification:_identify(docs/tutorials) by extension 'ros'
[0.226s] Level 1:colcon.colcon_core.package_identification:_identify(docs/tutorials) by extensions ['cmake', 'python']
[0.226s] Level 1:colcon.colcon_core.package_identification:_identify(docs/tutorials) by extension 'cmake'
[0.226s] Level 1:colcon.colcon_core.package_identification:_identify(docs/tutorials) by extension 'python'
[0.226s] Level 1:colcon.colcon_core.package_identification:_identify(docs/tutorials) by extensions ['python_setup_py']
[0.226s] Level 1:colcon.colcon_core.package_identification:_identify(docs/tutorials) by extension 'python_setup_py'
[0.226s] Level 1:colcon.colcon_core.package_identification:_identify(firmware) by extensions ['ignore', 'ignore_ament_install']
[0.226s] Level 1:colcon.colcon_core.package_identification:_identify(firmware) by extension 'ignore'
[0.226s] Level 1:colcon.colcon_core.package_identification:_identify(firmware) by extension 'ignore_ament_install'
[0.226s] Level 1:colcon.colcon_core.package_identification:_identify(firmware) by extensions ['colcon_pkg']
[0.226s] Level 1:colcon.colcon_core.package_identification:_identify(firmware) by extension 'colcon_pkg'
[0.226s] Level 1:colcon.colcon_core.package_identification:_identify(firmware) by extensions ['colcon_meta']
[0.226s] Level 1:colcon.colcon_core.package_identification:_identify(firmware) by extension 'colcon_meta'
[0.226s] Level 1:colcon.colcon_core.package_identification:_identify(firmware) by extensions ['ros']
[0.226s] Level 1:colcon.colcon_core.package_identification:_identify(firmware) by extension 'ros'
[0.226s] Level 1:colcon.colcon_core.package_identification:_identify(firmware) by extensions ['cmake', 'python']
[0.226s] Level 1:colcon.colcon_core.package_identification:_identify(firmware) by extension 'cmake'
[0.226s] Level 1:colcon.colcon_core.package_identification:_identify(firmware) by extension 'python'
[0.226s] Level 1:colcon.colcon_core.package_identification:_identify(firmware) by extensions ['python_setup_py']
[0.227s] Level 1:colcon.colcon_core.package_identification:_identify(firmware) by extension 'python_setup_py'
[0.227s] Level 1:colcon.colcon_core.package_identification:_identify(foxglove) by extensions ['ignore', 'ignore_ament_install']
[0.227s] Level 1:colcon.colcon_core.package_identification:_identify(foxglove) by extension 'ignore'
[0.227s] Level 1:colcon.colcon_core.package_identification:_identify(foxglove) by extension 'ignore_ament_install'
[0.227s] Level 1:colcon.colcon_core.package_identification:_identify(foxglove) by extensions ['colcon_pkg']
[0.227s] Level 1:colcon.colcon_core.package_identification:_identify(foxglove) by extension 'colcon_pkg'
[0.227s] Level 1:colcon.colcon_core.package_identification:_identify(foxglove) by extensions ['colcon_meta']
[0.227s] Level 1:colcon.colcon_core.package_identification:_identify(foxglove) by extension 'colcon_meta'
[0.227s] Level 1:colcon.colcon_core.package_identification:_identify(foxglove) by extensions ['ros']
[0.227s] Level 1:colcon.colcon_core.package_identification:_identify(foxglove) by extension 'ros'
[0.227s] Level 1:colcon.colcon_core.package_identification:_identify(foxglove) by extensions ['cmake', 'python']
[0.227s] Level 1:colcon.colcon_core.package_identification:_identify(foxglove) by extension 'cmake'
[0.227s] Level 1:colcon.colcon_core.package_identification:_identify(foxglove) by extension 'python'
[0.227s] Level 1:colcon.colcon_core.package_identification:_identify(foxglove) by extensions ['python_setup_py']
[0.227s] Level 1:colcon.colcon_core.package_identification:_identify(foxglove) by extension 'python_setup_py'
[0.227s] Level 1:colcon.colcon_core.package_identification:_identify(install) by extensions ['ignore', 'ignore_ament_install']
[0.227s] Level 1:colcon.colcon_core.package_identification:_identify(install) by extension 'ignore'
[0.227s] Level 1:colcon.colcon_core.package_identification:_identify(install) ignored
[0.228s] Level 1:colcon.colcon_core.package_identification:_identify(log) by extensions ['ignore', 'ignore_ament_install']
[0.228s] Level 1:colcon.colcon_core.package_identification:_identify(log) by extension 'ignore'
[0.228s] Level 1:colcon.colcon_core.package_identification:_identify(log) ignored
[0.228s] Level 1:colcon.colcon_core.package_identification:_identify(src) by extensions ['ignore', 'ignore_ament_install']
[0.228s] Level 1:colcon.colcon_core.package_identification:_identify(src) by extension 'ignore'
[0.228s] Level 1:colcon.colcon_core.package_identification:_identify(src) by extension 'ignore_ament_install'
[0.228s] Level 1:colcon.colcon_core.package_identification:_identify(src) by extensions ['colcon_pkg']
[0.228s] Level 1:colcon.colcon_core.package_identification:_identify(src) by extension 'colcon_pkg'
[0.228s] Level 1:colcon.colcon_core.package_identification:_identify(src) by extensions ['colcon_meta']
[0.228s] Level 1:colcon.colcon_core.package_identification:_identify(src) by extension 'colcon_meta'
[0.228s] Level 1:colcon.colcon_core.package_identification:_identify(src) by extensions ['ros']
[0.228s] Level 1:colcon.colcon_core.package_identification:_identify(src) by extension 'ros'
[0.228s] Level 1:colcon.colcon_core.package_identification:_identify(src) by extensions ['cmake', 'python']
[0.228s] Level 1:colcon.colcon_core.package_identification:_identify(src) by extension 'cmake'
[0.228s] Level 1:colcon.colcon_core.package_identification:_identify(src) by extension 'python'
[0.228s] Level 1:colcon.colcon_core.package_identification:_identify(src) by extensions ['python_setup_py']
[0.228s] Level 1:colcon.colcon_core.package_identification:_identify(src) by extension 'python_setup_py'
[0.229s] Level 1:colcon.colcon_core.package_identification:_identify(src/svea_charging) by extensions ['ignore', 'ignore_ament_install']
[0.229s] Level 1:colcon.colcon_core.package_identification:_identify(src/svea_charging) by extension 'ignore'
[0.229s] Level 1:colcon.colcon_core.package_identification:_identify(src/svea_charging) by extension 'ignore_ament_install'
[0.229s] Level 1:colcon.colcon_core.package_identification:_identify(src/svea_charging) by extensions ['colcon_pkg']
[0.229s] Level 1:colcon.colcon_core.package_identification:_identify(src/svea_charging) by extension 'colcon_pkg'
[0.229s] Level 1:colcon.colcon_core.package_identification:_identify(src/svea_charging) by extensions ['colcon_meta']
[0.229s] Level 1:colcon.colcon_core.package_identification:_identify(src/svea_charging) by extension 'colcon_meta'
[0.229s] Level 1:colcon.colcon_core.package_identification:_identify(src/svea_charging) by extensions ['ros']
[0.229s] Level 1:colcon.colcon_core.package_identification:_identify(src/svea_charging) by extension 'ros'
[0.232s] DEBUG:colcon.colcon_core.package_identification:Package 'src/svea_charging' with type 'ros.ament_python' and name 'svea_charging'
[0.232s] Level 1:colcon.colcon_core.package_identification:_identify(src/svea_core) by extensions ['ignore', 'ignore_ament_install']
[0.232s] Level 1:colcon.colcon_core.package_identification:_identify(src/svea_core) by extension 'ignore'
[0.232s] Level 1:colcon.colcon_core.package_identification:_identify(src/svea_core) by extension 'ignore_ament_install'
[0.232s] Level 1:colcon.colcon_core.package_identification:_identify(src/svea_core) by extensions ['colcon_pkg']
[0.232s] Level 1:colcon.colcon_core.package_identification:_identify(src/svea_core) by extension 'colcon_pkg'
[0.232s] Level 1:colcon.colcon_core.package_identification:_identify(src/svea_core) by extensions ['colcon_meta']
[0.232s] Level 1:colcon.colcon_core.package_identification:_identify(src/svea_core) by extension 'colcon_meta'
[0.232s] Level 1:colcon.colcon_core.package_identification:_identify(src/svea_core) by extensions ['ros']
[0.232s] Level 1:colcon.colcon_core.package_identification:_identify(src/svea_core) by extension 'ros'
[0.233s] DEBUG:colcon.colcon_core.package_identification:Package 'src/svea_core' with type 'ros.ament_python' and name 'svea_core'
[0.233s] Level 1:colcon.colcon_core.package_identification:_identify(src/svea_examples) by extensions ['ignore', 'ignore_ament_install']
[0.234s] Level 1:colcon.colcon_core.package_identification:_identify(src/svea_examples) by extension 'ignore'
[0.234s] Level 1:colcon.colcon_core.package_identification:_identify(src/svea_examples) by extension 'ignore_ament_install'
[0.234s] Level 1:colcon.colcon_core.package_identification:_identify(src/svea_examples) by extensions ['colcon_pkg']
[0.234s] Level 1:colcon.colcon_core.package_identification:_identify(src/svea_examples) by extension 'colcon_pkg'
[0.234s] Level 1:colcon.colcon_core.package_identification:_identify(src/svea_examples) by extensions ['colcon_meta']
[0.234s] Level 1:colcon.colcon_core.package_identification:_identify(src/svea_examples) by extension 'colcon_meta'
[0.234s] Level 1:colcon.colcon_core.package_identification:_identify(src/svea_examples) by extensions ['ros']
[0.234s] Level 1:colcon.colcon_core.package_identification:_identify(src/svea_examples) by extension 'ros'
[0.234s] DEBUG:colcon.colcon_core.package_identification:Package 'src/svea_examples' with type 'ros.ament_python' and name 'svea_examples'
[0.235s] Level 1:colcon.colcon_core.package_identification:_identify(src/svea_localization) by extensions ['ignore', 'ignore_ament_install']
[0.235s] Level 1:colcon.colcon_core.package_identification:_identify(src/svea_localization) by extension 'ignore'
[0.235s] Level 1:colcon.colcon_core.package_identification:_identify(src/svea_localization) by extension 'ignore_ament_install'
[0.235s] Level 1:colcon.colcon_core.package_identification:_identify(src/svea_localization) by extensions ['colcon_pkg']
[0.235s] Level 1:colcon.colcon_core.package_identification:_identify(src/svea_localization) by extension 'colcon_pkg'
[0.235s] Level 1:colcon.colcon_core.package_identification:_identify(src/svea_localization) by extensions ['colcon_meta']
[0.235s] Level 1:colcon.colcon_core.package_identification:_identify(src/svea_localization) by extension 'colcon_meta'
[0.235s] Level 1:colcon.colcon_core.package_identification:_identify(src/svea_localization) by extensions ['ros']
[0.235s] Level 1:colcon.colcon_core.package_identification:_identify(src/svea_localization) by extension 'ros'
[0.236s] DEBUG:colcon.colcon_core.package_identification:Package 'src/svea_localization' with type 'ros.ament_python' and name 'svea_localization'
[0.236s] Level 1:colcon.colcon_core.package_identification:_identify(util) by extensions ['ignore', 'ignore_ament_install']
[0.236s] Level 1:colcon.colcon_core.package_identification:_identify(util) by extension 'ignore'
[0.236s] Level 1:colcon.colcon_core.package_identification:_identify(util) by extension 'ignore_ament_install'
[0.236s] Level 1:colcon.colcon_core.package_identification:_identify(util) by extensions ['colcon_pkg']
[0.236s] Level 1:colcon.colcon_core.package_identification:_identify(util) by extension 'colcon_pkg'
[0.236s] Level 1:colcon.colcon_core.package_identification:_identify(util) by extensions ['colcon_meta']
[0.236s] Level 1:colcon.colcon_core.package_identification:_identify(util) by extension 'colcon_meta'
[0.237s] Level 1:colcon.colcon_core.package_identification:_identify(util) by extensions ['ros']
[0.237s] Level 1:colcon.colcon_core.package_identification:_identify(util) by extension 'ros'
[0.237s] Level 1:colcon.colcon_core.package_identification:_identify(util) by extensions ['cmake', 'python']
[0.237s] Level 1:colcon.colcon_core.package_identification:_identify(util) by extension 'cmake'
[0.237s] Level 1:colcon.colcon_core.package_identification:_identify(util) by extension 'python'
[0.237s] Level 1:colcon.colcon_core.package_identification:_identify(util) by extensions ['python_setup_py']
[0.237s] Level 1:colcon.colcon_core.package_identification:_identify(util) by extension 'python_setup_py'
[0.237s] Level 1:colcon.colcon_core.package_discovery:discover_packages(recursive) using defaults
[0.237s] Level 1:colcon.colcon_core.package_discovery:discover_packages(ignore) discover
[0.237s] Level 1:colcon.colcon_core.package_discovery:discover_packages(ignore) using defaults
[0.237s] Level 1:colcon.colcon_core.package_discovery:discover_packages(path) discover
[0.237s] Level 1:colcon.colcon_core.package_discovery:discover_packages(path) using defaults
[0.263s] Level 1:colcon.colcon_core.package_discovery:discover_packages(prefix_path) check parameters
[0.263s] Level 1:colcon.colcon_core.package_discovery:discover_packages(prefix_path) discover
[0.268s] DEBUG:colcon.colcon_installed_package_information.package_discovery:Found 441 installed packages in /opt/ros/jazzy
[0.270s] Level 1:colcon.colcon_core.package_discovery:discover_packages(prefix_path) using defaults
[0.337s] Level 5:colcon.colcon_core.verb:set package 'svea_charging' build argument 'cmake_args' from command line to 'None'
[0.337s] Level 5:colcon.colcon_core.verb:set package 'svea_charging' build argument 'cmake_target' from command line to 'None'
[0.337s] Level 5:colcon.colcon_core.verb:set package 'svea_charging' build argument 'cmake_target_skip_unavailable' from command line to 'False'
[0.337s] Level 5:colcon.colcon_core.verb:set package 'svea_charging' build argument 'cmake_clean_cache' from command line to 'False'
[0.337s] Level 5:colcon.colcon_core.verb:set package 'svea_charging' build argument 'cmake_clean_first' from command line to 'False'
[0.337s] Level 5:colcon.colcon_core.verb:set package 'svea_charging' build argument 'cmake_force_configure' from command line to 'False'
[0.337s] Level 5:colcon.colcon_core.verb:set package 'svea_charging' build argument 'ament_cmake_args' from command line to 'None'
[0.337s] Level 5:colcon.colcon_core.verb:set package 'svea_charging' build argument 'catkin_cmake_args' from command line to 'None'
[0.337s] Level 5:colcon.colcon_core.verb:set package 'svea_charging' build argument 'catkin_skip_building_tests' from command line to 'False'
[0.337s] DEBUG:colcon.colcon_core.verb:Building package 'svea_charging' with the following arguments: {'ament_cmake_args': None, 'build_base': '/home/eliasalbag/KTH/sveaMasterThesis/svea_charging/build/svea_charging', 'catkin_cmake_args': None, 'catkin_skip_building_tests': False, 'cmake_args': None, 'cmake_clean_cache': False, 'cmake_clean_first': False, 'cmake_force_configure': False, 'cmake_target': None, 'cmake_target_skip_unavailable': False, 'install_base': '/home/eliasalbag/KTH/sveaMasterThesis/svea_charging/install/svea_charging', 'merge_install': False, 'path': '/home/eliasalbag/KTH/sveaMasterThesis/svea_charging/src/svea_charging', 'symlink_install': False, 'test_result_base': None}
[0.338s] Level 5:colcon.colcon_core.verb:set package 'svea_localization' build argument 'cmake_args' from command line to 'None'
[0.338s] Level 5:colcon.colcon_core.verb:set package 'svea_localization' build argument 'cmake_target' from command line to 'None'
[0.338s] Level 5:colcon.colcon_core.verb:set package 'svea_localization' build argument 'cmake_target_skip_unavailable' from command line to 'False'
[0.338s] Level 5:colcon.colcon_core.verb:set package 'svea_localization' build argument 'cmake_clean_cache' from command line to 'False'
[0.338s] Level 5:colcon.colcon_core.verb:set package 'svea_localization' build argument 'cmake_clean_first' from command line to 'False'
[0.338s] Level 5:colcon.colcon_core.verb:set package 'svea_localization' build argument 'cmake_force_configure' from command line to 'False'
[0.338s] Level 5:colcon.colcon_core.verb:set package 'svea_localization' build argument 'ament_cmake_args' from command line to 'None'
[0.338s] Level 5:colcon.colcon_core.verb:set package 'svea_localization' build argument 'catkin_cmake_args' from command line to 'None'
[0.338s] Level 5:colcon.colcon_core.verb:set package 'svea_localization' build argument 'catkin_skip_building_tests' from command line to 'False'
[0.338s] DEBUG:colcon.colcon_core.verb:Building package 'svea_localization' with the following arguments: {'ament_cmake_args': None, 'build_base': '/home/eliasalbag/KTH/sveaMasterThesis/svea_charging/build/svea_localization', 'catkin_cmake_args': None, 'catkin_skip_building_tests': False, 'cmake_args': None, 'cmake_clean_cache': False, 'cmake_clean_first': False, 'cmake_force_configure': False, 'cmake_target': None, 'cmake_target_skip_unavailable': False, 'install_base': '/home/eliasalbag/KTH/sveaMasterThesis/svea_charging/install/svea_localization', 'merge_install': False, 'path': '/home/eliasalbag/KTH/sveaMasterThesis/svea_charging/src/svea_localization', 'symlink_install': False, 'test_result_base': None}
[0.338s] Level 5:colcon.colcon_core.verb:set package 'svea_core' build argument 'cmake_args' from command line to 'None'
[0.338s] Level 5:colcon.colcon_core.verb:set package 'svea_core' build argument 'cmake_target' from command line to 'None'
[0.338s] Level 5:colcon.colcon_core.verb:set package 'svea_core' build argument 'cmake_target_skip_unavailable' from command line to 'False'
[0.338s] Level 5:colcon.colcon_core.verb:set package 'svea_core' build argument 'cmake_clean_cache' from command line to 'False'
[0.338s] Level 5:colcon.colcon_core.verb:set package 'svea_core' build argument 'cmake_clean_first' from command line to 'False'
[0.338s] Level 5:colcon.colcon_core.verb:set package 'svea_core' build argument 'cmake_force_configure' from command line to 'False'
[0.338s] Level 5:colcon.colcon_core.verb:set package 'svea_core' build argument 'ament_cmake_args' from command line to 'None'
[0.338s] Level 5:colcon.colcon_core.verb:set package 'svea_core' build argument 'catkin_cmake_args' from command line to 'None'
[0.338s] Level 5:colcon.colcon_core.verb:set package 'svea_core' build argument 'catkin_skip_building_tests' from command line to 'False'
[0.338s] DEBUG:colcon.colcon_core.verb:Building package 'svea_core' with the following arguments: {'ament_cmake_args': None, 'build_base': '/home/eliasalbag/KTH/sveaMasterThesis/svea_charging/build/svea_core', 'catkin_cmake_args': None, 'catkin_skip_building_tests': False, 'cmake_args': None, 'cmake_clean_cache': False, 'cmake_clean_first': False, 'cmake_force_configure': False, 'cmake_target': None, 'cmake_target_skip_unavailable': False, 'install_base': '/home/eliasalbag/KTH/sveaMasterThesis/svea_charging/install/svea_core', 'merge_install': False, 'path': '/home/eliasalbag/KTH/sveaMasterThesis/svea_charging/src/svea_core', 'symlink_install': False, 'test_result_base': None}
[0.339s] Level 5:colcon.colcon_core.verb:set package 'svea_examples' build argument 'cmake_args' from command line to 'None'
[0.339s] Level 5:colcon.colcon_core.verb:set package 'svea_examples' build argument 'cmake_target' from command line to 'None'
[0.339s] Level 5:colcon.colcon_core.verb:set package 'svea_examples' build argument 'cmake_target_skip_unavailable' from command line to 'False'
[0.339s] Level 5:colcon.colcon_core.verb:set package 'svea_examples' build argument 'cmake_clean_cache' from command line to 'False'
[0.339s] Level 5:colcon.colcon_core.verb:set package 'svea_examples' build argument 'cmake_clean_first' from command line to 'False'
[0.339s] Level 5:colcon.colcon_core.verb:set package 'svea_examples' build argument 'cmake_force_configure' from command line to 'False'
[0.339s] Level 5:colcon.colcon_core.verb:set package 'svea_examples' build argument 'ament_cmake_args' from command line to 'None'
[0.339s] Level 5:colcon.colcon_core.verb:set package 'svea_examples' build argument 'catkin_cmake_args' from command line to 'None'
[0.339s] Level 5:colcon.colcon_core.verb:set package 'svea_examples' build argument 'catkin_skip_building_tests' from command line to 'False'
[0.339s] DEBUG:colcon.colcon_core.verb:Building package 'svea_examples' with the following arguments: {'ament_cmake_args': None, 'build_base': '/home/eliasalbag/KTH/sveaMasterThesis/svea_charging/build/svea_examples', 'catkin_cmake_args': None, 'catkin_skip_building_tests': False, 'cmake_args': None, 'cmake_clean_cache': False, 'cmake_clean_first': False, 'cmake_force_configure': False, 'cmake_target': None, 'cmake_target_skip_unavailable': False, 'install_base': '/home/eliasalbag/KTH/sveaMasterThesis/svea_charging/install/svea_examples', 'merge_install': False, 'path': '/home/eliasalbag/KTH/sveaMasterThesis/svea_charging/src/svea_examples', 'symlink_install': False, 'test_result_base': None}
[0.339s] INFO:colcon.colcon_core.executor:Executing jobs using 'parallel' executor
[0.340s] DEBUG:colcon.colcon_parallel_executor.executor.parallel:run_until_complete
[0.340s] INFO:colcon.colcon_ros.task.ament_python.build:Building ROS package in '/home/eliasalbag/KTH/sveaMasterThesis/svea_charging/src/svea_localization' with build type 'ament_python'
[0.340s] Level 1:colcon.colcon_core.shell:create_environment_hook('svea_localization', 'ament_prefix_path')
[0.344s] INFO:colcon.colcon_core.plugin_system:Skipping extension 'colcon_core.shell.bat': Not used on non-Windows systems
[0.345s] INFO:colcon.colcon_core.shell:Creating environment hook '/home/eliasalbag/KTH/sveaMasterThesis/svea_charging/install/svea_localization/share/svea_localization/hook/ament_prefix_path.ps1'
[0.345s] INFO:colcon.colcon_core.shell:Creating environment descriptor '/home/eliasalbag/KTH/sveaMasterThesis/svea_charging/install/svea_localization/share/svea_localization/hook/ament_prefix_path.dsv'
[0.346s] INFO:colcon.colcon_core.shell:Creating environment hook '/home/eliasalbag/KTH/sveaMasterThesis/svea_charging/install/svea_localization/share/svea_localization/hook/ament_prefix_path.sh'
[0.347s] INFO:colcon.colcon_core.shell:Skip shell extension 'powershell' for command environment: Not usable outside of PowerShell
[0.347s] DEBUG:colcon.colcon_core.shell:Skip shell extension 'dsv' for command environment
[0.352s] INFO:colcon.colcon_ros.task.ament_python.build:Building ROS package in '/home/eliasalbag/KTH/sveaMasterThesis/svea_charging/src/svea_charging' with build type 'ament_python'
[0.352s] Level 1:colcon.colcon_core.shell:create_environment_hook('svea_charging', 'ament_prefix_path')
[0.353s] INFO:colcon.colcon_core.shell:Creating environment hook '/home/eliasalbag/KTH/sveaMasterThesis/svea_charging/install/svea_charging/share/svea_charging/hook/ament_prefix_path.ps1'
[0.353s] INFO:colcon.colcon_core.shell:Creating environment descriptor '/home/eliasalbag/KTH/sveaMasterThesis/svea_charging/install/svea_charging/share/svea_charging/hook/ament_prefix_path.dsv'
[0.354s] INFO:colcon.colcon_core.shell:Creating environment hook '/home/eliasalbag/KTH/sveaMasterThesis/svea_charging/install/svea_charging/share/svea_charging/hook/ament_prefix_path.sh'
[0.354s] INFO:colcon.colcon_core.shell:Skip shell extension 'powershell' for command environment: Not usable outside of PowerShell
[0.354s] DEBUG:colcon.colcon_core.shell:Skip shell extension 'dsv' for command environment
[0.628s] INFO:colcon.colcon_core.task.python.build:Building Python package in '/home/eliasalbag/KTH/sveaMasterThesis/svea_charging/src/svea_localization'
[0.629s] INFO:colcon.colcon_core.shell:Skip shell extension 'powershell' for command environment: Not usable outside of PowerShell
[0.629s] DEBUG:colcon.colcon_core.shell:Skip shell extension 'dsv' for command environment
[0.870s] INFO:colcon.colcon_core.task.python.build:Building Python package in '/home/eliasalbag/KTH/sveaMasterThesis/svea_charging/src/svea_charging'
[0.870s] INFO:colcon.colcon_core.shell:Skip shell extension 'powershell' for command environment: Not usable outside of PowerShell
[0.870s] DEBUG:colcon.colcon_core.shell:Skip shell extension 'dsv' for command environment
[1.569s] DEBUG:colcon.colcon_core.event_handler.log_command:Invoking command in '/home/eliasalbag/KTH/sveaMasterThesis/svea_charging/src/svea_charging': DEBUGINFOD_URLS=https://debuginfod.ubuntu.com PYTHONPATH=/home/eliasalbag/KTH/sveaMasterThesis/svea_charging/build/svea_charging/prefix_override:/usr/lib/python3/dist-packages/colcon_core/task/python/colcon_distutils_commands:/home/eliasalbag/KTH/sveaMasterThesis/svea_charging/install/svea_charging/lib/python3.12/site-packages:${PYTHONPATH} /usr/bin/python3 -W ignore:setup.py install is deprecated -W ignore:easy_install command is deprecated setup.py egg_info --egg-base ../../build/svea_charging build --build-base /home/eliasalbag/KTH/sveaMasterThesis/svea_charging/build/svea_charging/build install --record /home/eliasalbag/KTH/sveaMasterThesis/svea_charging/build/svea_charging/install.log --single-version-externally-managed install_data
[1.574s] DEBUG:colcon.colcon_core.event_handler.log_command:Invoking command in '/home/eliasalbag/KTH/sveaMasterThesis/svea_charging/src/svea_localization': DEBUGINFOD_URLS=https://debuginfod.ubuntu.com PYTHONPATH=/home/eliasalbag/KTH/sveaMasterThesis/svea_charging/build/svea_localization/prefix_override:/usr/lib/python3/dist-packages/colcon_core/task/python/colcon_distutils_commands:/home/eliasalbag/KTH/sveaMasterThesis/svea_charging/install/svea_localization/lib/python3.12/site-packages:${PYTHONPATH} /usr/bin/python3 -W ignore:setup.py install is deprecated -W ignore:easy_install command is deprecated setup.py egg_info --egg-base ../../build/svea_localization build --build-base /home/eliasalbag/KTH/sveaMasterThesis/svea_charging/build/svea_localization/build install --record /home/eliasalbag/KTH/sveaMasterThesis/svea_charging/build/svea_localization/install.log --single-version-externally-managed install_data
[2.085s] DEBUG:colcon.colcon_core.event_handler.log_command:Invoked command in '/home/eliasalbag/KTH/sveaMasterThesis/svea_charging/src/svea_charging' returned '0': DEBUGINFOD_URLS=https://debuginfod.ubuntu.com PYTHONPATH=/home/eliasalbag/KTH/sveaMasterThesis/svea_charging/build/svea_charging/prefix_override:/usr/lib/python3/dist-packages/colcon_core/task/python/colcon_distutils_commands:/home/eliasalbag/KTH/sveaMasterThesis/svea_charging/install/svea_charging/lib/python3.12/site-packages:${PYTHONPATH} /usr/bin/python3 -W ignore:setup.py install is deprecated -W ignore:easy_install command is deprecated setup.py egg_info --egg-base ../../build/svea_charging build --build-base /home/eliasalbag/KTH/sveaMasterThesis/svea_charging/build/svea_charging/build install --record /home/eliasalbag/KTH/sveaMasterThesis/svea_charging/build/svea_charging/install.log --single-version-externally-managed install_data
[2.088s] Level 1:colcon.colcon_core.environment:checking '/home/eliasalbag/KTH/sveaMasterThesis/svea_charging/install/svea_charging' for CMake module files
[2.088s] Level 1:colcon.colcon_core.environment:checking '/home/eliasalbag/KTH/sveaMasterThesis/svea_charging/install/svea_charging' for CMake config files
[2.089s] Level 1:colcon.colcon_core.environment:checking '/home/eliasalbag/KTH/sveaMasterThesis/svea_charging/install/svea_charging/lib'
[2.089s] Level 1:colcon.colcon_core.environment:checking '/home/eliasalbag/KTH/sveaMasterThesis/svea_charging/install/svea_charging/bin'
[2.089s] Level 1:colcon.colcon_core.environment:checking '/home/eliasalbag/KTH/sveaMasterThesis/svea_charging/install/svea_charging/lib/pkgconfig/svea_charging.pc'
[2.089s] Level 1:colcon.colcon_core.environment:checking '/home/eliasalbag/KTH/sveaMasterThesis/svea_charging/install/svea_charging/lib/python3.12/site-packages'
[2.089s] Level 1:colcon.colcon_core.shell:create_environment_hook('svea_charging', 'pythonpath')
[2.089s] INFO:colcon.colcon_core.shell:Creating environment hook '/home/eliasalbag/KTH/sveaMasterThesis/svea_charging/install/svea_charging/share/svea_charging/hook/pythonpath.ps1'
[2.089s] INFO:colcon.colcon_core.shell:Creating environment descriptor '/home/eliasalbag/KTH/sveaMasterThesis/svea_charging/install/svea_charging/share/svea_charging/hook/pythonpath.dsv'
[2.090s] INFO:colcon.colcon_core.shell:Creating environment hook '/home/eliasalbag/KTH/sveaMasterThesis/svea_charging/install/svea_charging/share/svea_charging/hook/pythonpath.sh'
[2.090s] Level 1:colcon.colcon_core.environment:checking '/home/eliasalbag/KTH/sveaMasterThesis/svea_charging/install/svea_charging/bin'
[2.090s] Level 1:colcon.colcon_core.environment:create_environment_scripts_only(svea_charging)
[2.090s] INFO:colcon.colcon_core.shell:Creating package script '/home/eliasalbag/KTH/sveaMasterThesis/svea_charging/install/svea_charging/share/svea_charging/package.ps1'
[2.091s] INFO:colcon.colcon_core.shell:Creating package descriptor '/home/eliasalbag/KTH/sveaMasterThesis/svea_charging/install/svea_charging/share/svea_charging/package.dsv'
[2.092s] INFO:colcon.colcon_core.shell:Creating package script '/home/eliasalbag/KTH/sveaMasterThesis/svea_charging/install/svea_charging/share/svea_charging/package.sh'
[2.092s] INFO:colcon.colcon_core.shell:Creating package script '/home/eliasalbag/KTH/sveaMasterThesis/svea_charging/install/svea_charging/share/svea_charging/package.bash'
[2.093s] INFO:colcon.colcon_core.shell:Creating package script '/home/eliasalbag/KTH/sveaMasterThesis/svea_charging/install/svea_charging/share/svea_charging/package.zsh'
[2.094s] Level 1:colcon.colcon_core.environment:create_file_with_runtime_dependencies(/home/eliasalbag/KTH/sveaMasterThesis/svea_charging/install/svea_charging/share/colcon-core/packages/svea_charging)
[2.095s] Level 1:colcon.colcon_core.environment:checking '/home/eliasalbag/KTH/sveaMasterThesis/svea_charging/install/svea_localization' for CMake module files
[2.095s] DEBUG:colcon.colcon_core.event_handler.log_command:Invoked command in '/home/eliasalbag/KTH/sveaMasterThesis/svea_charging/src/svea_localization' returned '0': DEBUGINFOD_URLS=https://debuginfod.ubuntu.com PYTHONPATH=/home/eliasalbag/KTH/sveaMasterThesis/svea_charging/build/svea_localization/prefix_override:/usr/lib/python3/dist-packages/colcon_core/task/python/colcon_distutils_commands:/home/eliasalbag/KTH/sveaMasterThesis/svea_charging/install/svea_localization/lib/python3.12/site-packages:${PYTHONPATH} /usr/bin/python3 -W ignore:setup.py install is deprecated -W ignore:easy_install command is deprecated setup.py egg_info --egg-base ../../build/svea_localization build --build-base /home/eliasalbag/KTH/sveaMasterThesis/svea_charging/build/svea_localization/build install --record /home/eliasalbag/KTH/sveaMasterThesis/svea_charging/build/svea_localization/install.log --single-version-externally-managed install_data
[2.096s] Level 1:colcon.colcon_core.environment:checking '/home/eliasalbag/KTH/sveaMasterThesis/svea_charging/install/svea_localization' for CMake config files
[2.096s] Level 1:colcon.colcon_core.environment:checking '/home/eliasalbag/KTH/sveaMasterThesis/svea_charging/install/svea_localization/lib'
[2.096s] Level 1:colcon.colcon_core.environment:checking '/home/eliasalbag/KTH/sveaMasterThesis/svea_charging/install/svea_localization/bin'
[2.096s] Level 1:colcon.colcon_core.environment:checking '/home/eliasalbag/KTH/sveaMasterThesis/svea_charging/install/svea_localization/lib/pkgconfig/svea_localization.pc'
[2.096s] Level 1:colcon.colcon_core.environment:checking '/home/eliasalbag/KTH/sveaMasterThesis/svea_charging/install/svea_localization/lib/python3.12/site-packages'
[2.097s] Level 1:colcon.colcon_core.shell:create_environment_hook('svea_localization', 'pythonpath')
[2.097s] INFO:colcon.colcon_core.shell:Creating environment hook '/home/eliasalbag/KTH/sveaMasterThesis/svea_charging/install/svea_localization/share/svea_localization/hook/pythonpath.ps1'
[2.097s] INFO:colcon.colcon_core.shell:Creating environment descriptor '/home/eliasalbag/KTH/sveaMasterThesis/svea_charging/install/svea_localization/share/svea_localization/hook/pythonpath.dsv'
[2.097s] INFO:colcon.colcon_core.shell:Creating environment hook '/home/eliasalbag/KTH/sveaMasterThesis/svea_charging/install/svea_localization/share/svea_localization/hook/pythonpath.sh'
[2.098s] Level 1:colcon.colcon_core.environment:checking '/home/eliasalbag/KTH/sveaMasterThesis/svea_charging/install/svea_localization/bin'
[2.098s] Level 1:colcon.colcon_core.environment:create_environment_scripts_only(svea_localization)
[2.098s] INFO:colcon.colcon_core.shell:Creating package script '/home/eliasalbag/KTH/sveaMasterThesis/svea_charging/install/svea_localization/share/svea_localization/package.ps1'
[2.098s] INFO:colcon.colcon_core.shell:Creating package descriptor '/home/eliasalbag/KTH/sveaMasterThesis/svea_charging/install/svea_localization/share/svea_localization/package.dsv'
[2.099s] INFO:colcon.colcon_core.shell:Creating package script '/home/eliasalbag/KTH/sveaMasterThesis/svea_charging/install/svea_localization/share/svea_localization/package.sh'
[2.099s] INFO:colcon.colcon_core.shell:Creating package script '/home/eliasalbag/KTH/sveaMasterThesis/svea_charging/install/svea_localization/share/svea_localization/package.bash'
[2.099s] INFO:colcon.colcon_core.shell:Creating package script '/home/eliasalbag/KTH/sveaMasterThesis/svea_charging/install/svea_localization/share/svea_localization/package.zsh'
[2.099s] Level 1:colcon.colcon_core.environment:create_file_with_runtime_dependencies(/home/eliasalbag/KTH/sveaMasterThesis/svea_charging/install/svea_localization/share/colcon-core/packages/svea_localization)
[2.100s] INFO:colcon.colcon_ros.task.ament_python.build:Building ROS package in '/home/eliasalbag/KTH/sveaMasterThesis/svea_charging/src/svea_core' with build type 'ament_python'
[2.100s] Level 1:colcon.colcon_core.shell:create_environment_hook('svea_core', 'ament_prefix_path')
[2.100s] INFO:colcon.colcon_core.shell:Creating environment hook '/home/eliasalbag/KTH/sveaMasterThesis/svea_charging/install/svea_core/share/svea_core/hook/ament_prefix_path.ps1'
[2.100s] INFO:colcon.colcon_core.shell:Creating environment descriptor '/home/eliasalbag/KTH/sveaMasterThesis/svea_charging/install/svea_core/share/svea_core/hook/ament_prefix_path.dsv'
[2.101s] INFO:colcon.colcon_core.shell:Creating environment hook '/home/eliasalbag/KTH/sveaMasterThesis/svea_charging/install/svea_core/share/svea_core/hook/ament_prefix_path.sh'
[2.101s] INFO:colcon.colcon_core.shell:Skip shell extension 'powershell' for command environment: Not usable outside of PowerShell
[2.101s] DEBUG:colcon.colcon_core.shell:Skip shell extension 'dsv' for command environment
[2.292s] INFO:colcon.colcon_core.task.python.build:Building Python package in '/home/eliasalbag/KTH/sveaMasterThesis/svea_charging/src/svea_core'
[2.292s] INFO:colcon.colcon_core.shell:Skip shell extension 'powershell' for command environment: Not usable outside of PowerShell
[2.292s] DEBUG:colcon.colcon_core.shell:Skip shell extension 'dsv' for command environment
[2.813s] DEBUG:colcon.colcon_core.event_handler.log_command:Invoking command in '/home/eliasalbag/KTH/sveaMasterThesis/svea_charging/src/svea_core': AMENT_PREFIX_PATH=/home/eliasalbag/KTH/sveaMasterThesis/svea_charging/install/svea_localization:${AMENT_PREFIX_PATH} DEBUGINFOD_URLS=https://debuginfod.ubuntu.com PYTHONPATH=/home/eliasalbag/KTH/sveaMasterThesis/svea_charging/build/svea_core/prefix_override:/usr/lib/python3/dist-packages/colcon_core/task/python/colcon_distutils_commands:/home/eliasalbag/KTH/sveaMasterThesis/svea_charging/install/svea_core/lib/python3.12/site-packages:/home/eliasalbag/KTH/sveaMasterThesis/svea_charging/install/svea_localization/lib/python3.12/site-packages:${PYTHONPATH} /usr/bin/python3 -W ignore:setup.py install is deprecated -W ignore:easy_install command is deprecated setup.py egg_info --egg-base ../../build/svea_core build --build-base /home/eliasalbag/KTH/sveaMasterThesis/svea_charging/build/svea_core/build install --record /home/eliasalbag/KTH/sveaMasterThesis/svea_charging/build/svea_core/install.log --single-version-externally-managed install_data
[3.317s] Level 1:colcon.colcon_core.environment:checking '/home/eliasalbag/KTH/sveaMasterThesis/svea_charging/install/svea_core' for CMake module files
[3.318s] DEBUG:colcon.colcon_core.event_handler.log_command:Invoked command in '/home/eliasalbag/KTH/sveaMasterThesis/svea_charging/src/svea_core' returned '0': AMENT_PREFIX_PATH=/home/eliasalbag/KTH/sveaMasterThesis/svea_charging/install/svea_localization:${AMENT_PREFIX_PATH} DEBUGINFOD_URLS=https://debuginfod.ubuntu.com PYTHONPATH=/home/eliasalbag/KTH/sveaMasterThesis/svea_charging/build/svea_core/prefix_override:/usr/lib/python3/dist-packages/colcon_core/task/python/colcon_distutils_commands:/home/eliasalbag/KTH/sveaMasterThesis/svea_charging/install/svea_core/lib/python3.12/site-packages:/home/eliasalbag/KTH/sveaMasterThesis/svea_charging/install/svea_localization/lib/python3.12/site-packages:${PYTHONPATH} /usr/bin/python3 -W ignore:setup.py install is deprecated -W ignore:easy_install command is deprecated setup.py egg_info --egg-base ../../build/svea_core build --build-base /home/eliasalbag/KTH/sveaMasterThesis/svea_charging/build/svea_core/build install --record /home/eliasalbag/KTH/sveaMasterThesis/svea_charging/build/svea_core/install.log --single-version-externally-managed install_data
[3.318s] Level 1:colcon.colcon_core.environment:checking '/home/eliasalbag/KTH/sveaMasterThesis/svea_charging/install/svea_core' for CMake config files
[3.319s] Level 1:colcon.colcon_core.environment:checking '/home/eliasalbag/KTH/sveaMasterThesis/svea_charging/install/svea_core/lib'
[3.319s] Level 1:colcon.colcon_core.environment:checking '/home/eliasalbag/KTH/sveaMasterThesis/svea_charging/install/svea_core/bin'
[3.319s] Level 1:colcon.colcon_core.environment:checking '/home/eliasalbag/KTH/sveaMasterThesis/svea_charging/install/svea_core/lib/pkgconfig/svea_core.pc'
[3.319s] Level 1:colcon.colcon_core.environment:checking '/home/eliasalbag/KTH/sveaMasterThesis/svea_charging/install/svea_core/lib/python3.12/site-packages'
[3.319s] Level 1:colcon.colcon_core.shell:create_environment_hook('svea_core', 'pythonpath')
[3.319s] INFO:colcon.colcon_core.shell:Creating environment hook '/home/eliasalbag/KTH/sveaMasterThesis/svea_charging/install/svea_core/share/svea_core/hook/pythonpath.ps1'
[3.320s] INFO:colcon.colcon_core.shell:Creating environment descriptor '/home/eliasalbag/KTH/sveaMasterThesis/svea_charging/install/svea_core/share/svea_core/hook/pythonpath.dsv'
[3.320s] INFO:colcon.colcon_core.shell:Creating environment hook '/home/eliasalbag/KTH/sveaMasterThesis/svea_charging/install/svea_core/share/svea_core/hook/pythonpath.sh'
[3.320s] Level 1:colcon.colcon_core.environment:checking '/home/eliasalbag/KTH/sveaMasterThesis/svea_charging/install/svea_core/bin'
[3.320s] Level 1:colcon.colcon_core.environment:create_environment_scripts_only(svea_core)
[3.321s] INFO:colcon.colcon_core.shell:Creating package script '/home/eliasalbag/KTH/sveaMasterThesis/svea_charging/install/svea_core/share/svea_core/package.ps1'
[3.321s] INFO:colcon.colcon_core.shell:Creating package descriptor '/home/eliasalbag/KTH/sveaMasterThesis/svea_charging/install/svea_core/share/svea_core/package.dsv'
[3.321s] INFO:colcon.colcon_core.shell:Creating package script '/home/eliasalbag/KTH/sveaMasterThesis/svea_charging/install/svea_core/share/svea_core/package.sh'
[3.322s] INFO:colcon.colcon_core.shell:Creating package script '/home/eliasalbag/KTH/sveaMasterThesis/svea_charging/install/svea_core/share/svea_core/package.bash'
[3.322s] INFO:colcon.colcon_core.shell:Creating package script '/home/eliasalbag/KTH/sveaMasterThesis/svea_charging/install/svea_core/share/svea_core/package.zsh'
[3.322s] Level 1:colcon.colcon_core.environment:create_file_with_runtime_dependencies(/home/eliasalbag/KTH/sveaMasterThesis/svea_charging/install/svea_core/share/colcon-core/packages/svea_core)
[3.322s] INFO:colcon.colcon_ros.task.ament_python.build:Building ROS package in '/home/eliasalbag/KTH/sveaMasterThesis/svea_charging/src/svea_examples' with build type 'ament_python'
[3.322s] Level 1:colcon.colcon_core.shell:create_environment_hook('svea_examples', 'ament_prefix_path')
[3.323s] INFO:colcon.colcon_core.shell:Creating environment hook '/home/eliasalbag/KTH/sveaMasterThesis/svea_charging/install/svea_examples/share/svea_examples/hook/ament_prefix_path.ps1'
[3.323s] INFO:colcon.colcon_core.shell:Creating environment descriptor '/home/eliasalbag/KTH/sveaMasterThesis/svea_charging/install/svea_examples/share/svea_examples/hook/ament_prefix_path.dsv'
[3.323s] INFO:colcon.colcon_core.shell:Creating environment hook '/home/eliasalbag/KTH/sveaMasterThesis/svea_charging/install/svea_examples/share/svea_examples/hook/ament_prefix_path.sh'
[3.324s] INFO:colcon.colcon_core.shell:Skip shell extension 'powershell' for command environment: Not usable outside of PowerShell
[3.324s] DEBUG:colcon.colcon_core.shell:Skip shell extension 'dsv' for command environment
[3.514s] INFO:colcon.colcon_core.task.python.build:Building Python package in '/home/eliasalbag/KTH/sveaMasterThesis/svea_charging/src/svea_examples'
[3.514s] INFO:colcon.colcon_core.shell:Skip shell extension 'powershell' for command environment: Not usable outside of PowerShell
[3.514s] DEBUG:colcon.colcon_core.shell:Skip shell extension 'dsv' for command environment
[4.044s] DEBUG:colcon.colcon_core.event_handler.log_command:Invoking command in '/home/eliasalbag/KTH/sveaMasterThesis/svea_charging/src/svea_examples': AMENT_PREFIX_PATH=/home/eliasalbag/KTH/sveaMasterThesis/svea_charging/install/svea_core:/home/eliasalbag/KTH/sveaMasterThesis/svea_charging/install/svea_localization:${AMENT_PREFIX_PATH} DEBUGINFOD_URLS=https://debuginfod.ubuntu.com PYTHONPATH=/home/eliasalbag/KTH/sveaMasterThesis/svea_charging/build/svea_examples/prefix_override:/usr/lib/python3/dist-packages/colcon_core/task/python/colcon_distutils_commands:/home/eliasalbag/KTH/sveaMasterThesis/svea_charging/install/svea_examples/lib/python3.12/site-packages:/home/eliasalbag/KTH/sveaMasterThesis/svea_charging/install/svea_core/lib/python3.12/site-packages:/home/eliasalbag/KTH/sveaMasterThesis/svea_charging/install/svea_localization/lib/python3.12/site-packages:${PYTHONPATH} /usr/bin/python3 -W ignore:setup.py install is deprecated -W ignore:easy_install command is deprecated setup.py egg_info --egg-base ../../build/svea_examples build --build-base /home/eliasalbag/KTH/sveaMasterThesis/svea_charging/build/svea_examples/build install --record /home/eliasalbag/KTH/sveaMasterThesis/svea_charging/build/svea_examples/install.log --single-version-externally-managed install_data
[4.539s] Level 1:colcon.colcon_core.environment:checking '/home/eliasalbag/KTH/sveaMasterThesis/svea_charging/install/svea_examples' for CMake module files
[4.540s] DEBUG:colcon.colcon_core.event_handler.log_command:Invoked command in '/home/eliasalbag/KTH/sveaMasterThesis/svea_charging/src/svea_examples' returned '0': AMENT_PREFIX_PATH=/home/eliasalbag/KTH/sveaMasterThesis/svea_charging/install/svea_core:/home/eliasalbag/KTH/sveaMasterThesis/svea_charging/install/svea_localization:${AMENT_PREFIX_PATH} DEBUGINFOD_URLS=https://debuginfod.ubuntu.com PYTHONPATH=/home/eliasalbag/KTH/sveaMasterThesis/svea_charging/build/svea_examples/prefix_override:/usr/lib/python3/dist-packages/colcon_core/task/python/colcon_distutils_commands:/home/eliasalbag/KTH/sveaMasterThesis/svea_charging/install/svea_examples/lib/python3.12/site-packages:/home/eliasalbag/KTH/sveaMasterThesis/svea_charging/install/svea_core/lib/python3.12/site-packages:/home/eliasalbag/KTH/sveaMasterThesis/svea_charging/install/svea_localization/lib/python3.12/site-packages:${PYTHONPATH} /usr/bin/python3 -W ignore:setup.py install is deprecated -W ignore:easy_install command is deprecated setup.py egg_info --egg-base ../../build/svea_examples build --build-base /home/eliasalbag/KTH/sveaMasterThesis/svea_charging/build/svea_examples/build install --record /home/eliasalbag/KTH/sveaMasterThesis/svea_charging/build/svea_examples/install.log --single-version-externally-managed install_data
[4.540s] Level 1:colcon.colcon_core.environment:checking '/home/eliasalbag/KTH/sveaMasterThesis/svea_charging/install/svea_examples' for CMake config files
[4.540s] Level 1:colcon.colcon_core.environment:checking '/home/eliasalbag/KTH/sveaMasterThesis/svea_charging/install/svea_examples/lib'
[4.540s] Level 1:colcon.colcon_core.environment:checking '/home/eliasalbag/KTH/sveaMasterThesis/svea_charging/install/svea_examples/bin'
[4.540s] Level 1:colcon.colcon_core.environment:checking '/home/eliasalbag/KTH/sveaMasterThesis/svea_charging/install/svea_examples/lib/pkgconfig/svea_examples.pc'
[4.541s] Level 1:colcon.colcon_core.environment:checking '/home/eliasalbag/KTH/sveaMasterThesis/svea_charging/install/svea_examples/lib/python3.12/site-packages'
[4.541s] Level 1:colcon.colcon_core.shell:create_environment_hook('svea_examples', 'pythonpath')
[4.541s] INFO:colcon.colcon_core.shell:Creating environment hook '/home/eliasalbag/KTH/sveaMasterThesis/svea_charging/install/svea_examples/share/svea_examples/hook/pythonpath.ps1'
[4.541s] INFO:colcon.colcon_core.shell:Creating environment descriptor '/home/eliasalbag/KTH/sveaMasterThesis/svea_charging/install/svea_examples/share/svea_examples/hook/pythonpath.dsv'
[4.541s] INFO:colcon.colcon_core.shell:Creating environment hook '/home/eliasalbag/KTH/sveaMasterThesis/svea_charging/install/svea_examples/share/svea_examples/hook/pythonpath.sh'
[4.542s] Level 1:colcon.colcon_core.environment:checking '/home/eliasalbag/KTH/sveaMasterThesis/svea_charging/install/svea_examples/bin'
[4.542s] Level 1:colcon.colcon_core.environment:create_environment_scripts_only(svea_examples)
[4.542s] INFO:colcon.colcon_core.shell:Creating package script '/home/eliasalbag/KTH/sveaMasterThesis/svea_charging/install/svea_examples/share/svea_examples/package.ps1'
[4.543s] INFO:colcon.colcon_core.shell:Creating package descriptor '/home/eliasalbag/KTH/sveaMasterThesis/svea_charging/install/svea_examples/share/svea_examples/package.dsv'
[4.543s] INFO:colcon.colcon_core.shell:Creating package script '/home/eliasalbag/KTH/sveaMasterThesis/svea_charging/install/svea_examples/share/svea_examples/package.sh'
[4.543s] INFO:colcon.colcon_core.shell:Creating package script '/home/eliasalbag/KTH/sveaMasterThesis/svea_charging/install/svea_examples/share/svea_examples/package.bash'
[4.544s] INFO:colcon.colcon_core.shell:Creating package script '/home/eliasalbag/KTH/sveaMasterThesis/svea_charging/install/svea_examples/share/svea_examples/package.zsh'
[4.544s] Level 1:colcon.colcon_core.environment:create_file_with_runtime_dependencies(/home/eliasalbag/KTH/sveaMasterThesis/svea_charging/install/svea_examples/share/colcon-core/packages/svea_examples)
[4.544s] DEBUG:colcon.colcon_parallel_executor.executor.parallel:closing loop
[4.544s] DEBUG:colcon.colcon_parallel_executor.executor.parallel:loop closed
[4.544s] DEBUG:colcon.colcon_parallel_executor.executor.parallel:run_until_complete finished with '0'
[4.544s] DEBUG:colcon.colcon_core.event_reactor:joining thread
[4.564s] INFO:colcon.colcon_core.plugin_system:Skipping extension 'colcon_notification.desktop_notification.terminal_notifier': Not used on non-Darwin systems
[4.564s] INFO:colcon.colcon_core.plugin_system:Skipping extension 'colcon_notification.desktop_notification.win32': Not used on non-Windows systems
[4.564s] INFO:colcon.colcon_notification.desktop_notification:Sending desktop notification using 'notify2'
[4.575s] DEBUG:colcon.colcon_core.event_reactor:joined thread
[4.576s] INFO:colcon.colcon_core.shell:Creating prefix script '/home/eliasalbag/KTH/sveaMasterThesis/svea_charging/install/local_setup.ps1'
[4.577s] INFO:colcon.colcon_core.shell:Creating prefix util module '/home/eliasalbag/KTH/sveaMasterThesis/svea_charging/install/_local_setup_util_ps1.py'
[4.578s] INFO:colcon.colcon_core.shell:Creating prefix chain script '/home/eliasalbag/KTH/sveaMasterThesis/svea_charging/install/setup.ps1'
[4.579s] INFO:colcon.colcon_core.shell:Creating prefix script '/home/eliasalbag/KTH/sveaMasterThesis/svea_charging/install/local_setup.sh'
[4.580s] INFO:colcon.colcon_core.shell:Creating prefix util module '/home/eliasalbag/KTH/sveaMasterThesis/svea_charging/install/_local_setup_util_sh.py'
[4.580s] INFO:colcon.colcon_core.shell:Creating prefix chain script '/home/eliasalbag/KTH/sveaMasterThesis/svea_charging/install/setup.sh'
[4.581s] INFO:colcon.colcon_core.shell:Creating prefix script '/home/eliasalbag/KTH/sveaMasterThesis/svea_charging/install/local_setup.bash'
[4.581s] INFO:colcon.colcon_core.shell:Creating prefix chain script '/home/eliasalbag/KTH/sveaMasterThesis/svea_charging/install/setup.bash'
[4.582s] INFO:colcon.colcon_core.shell:Creating prefix script '/home/eliasalbag/KTH/sveaMasterThesis/svea_charging/install/local_setup.zsh'
[4.583s] INFO:colcon.colcon_core.shell:Creating prefix chain script '/home/eliasalbag/KTH/sveaMasterThesis/svea_charging/install/setup.zsh'
