/home/eliasalbag/KTH/sveaMasterThesis/svea_charging/install/svea_core/lib/python3.12/site-packages/svea_core/rosonic.py
/home/eliasalbag/KTH/sveaMasterThesis/svea_charging/install/svea_core/lib/python3.12/site-packages/svea_core/__init__.py
/home/eliasalbag/KTH/sveaMasterThesis/svea_charging/install/svea_core/lib/python3.12/site-packages/svea_core/controllers/mpc.py
/home/eliasalbag/KTH/sveaMasterThesis/svea_charging/install/svea_core/lib/python3.12/site-packages/svea_core/controllers/pure_pursuit.py
/home/eliasalbag/KTH/sveaMasterThesis/svea_charging/install/svea_core/lib/python3.12/site-packages/svea_core/controllers/__init__.py
/home/eliasalbag/KTH/sveaMasterThesis/svea_charging/install/svea_core/lib/python3.12/site-packages/svea_core/utils/__init__.py
/home/eliasalbag/KTH/sveaMasterThesis/svea_charging/install/svea_core/lib/python3.12/site-packages/svea_core/utils/markers.py
/home/eliasalbag/KTH/sveaMasterThesis/svea_charging/install/svea_core/lib/python3.12/site-packages/svea_core/utils/path.py
/home/eliasalbag/KTH/sveaMasterThesis/svea_charging/install/svea_core/lib/python3.12/site-packages/svea_core/utils/viz_util.py
/home/eliasalbag/KTH/sveaMasterThesis/svea_charging/install/svea_core/lib/python3.12/site-packages/svea_core/models/bicycle.py
/home/eliasalbag/KTH/sveaMasterThesis/svea_charging/install/svea_core/lib/python3.12/site-packages/svea_core/models/platooning.py
/home/eliasalbag/KTH/sveaMasterThesis/svea_charging/install/svea_core/lib/python3.12/site-packages/svea_core/models/__init__.py
/home/eliasalbag/KTH/sveaMasterThesis/svea_charging/install/svea_core/lib/python3.12/site-packages/svea_core/interfaces/actuation.py
/home/eliasalbag/KTH/sveaMasterThesis/svea_charging/install/svea_core/lib/python3.12/site-packages/svea_core/interfaces/localization.py
/home/eliasalbag/KTH/sveaMasterThesis/svea_charging/install/svea_core/lib/python3.12/site-packages/svea_core/interfaces/rc.py
/home/eliasalbag/KTH/sveaMasterThesis/svea_charging/install/svea_core/lib/python3.12/site-packages/svea_core/interfaces/__init__.py
/home/eliasalbag/KTH/sveaMasterThesis/svea_charging/install/svea_core/lib/python3.12/site-packages/svea_core/interfaces/planner_interface.py
/home/eliasalbag/KTH/sveaMasterThesis/svea_charging/install/svea_core/lib/python3.12/site-packages/svea_core/interfaces/lidar.py
/home/eliasalbag/KTH/sveaMasterThesis/svea_charging/install/svea_core/lib/python3.12/site-packages/svea_core/tests/test_models.py
/home/eliasalbag/KTH/sveaMasterThesis/svea_charging/install/svea_core/lib/python3.12/site-packages/svea_core/tests/__init__.py
/home/eliasalbag/KTH/sveaMasterThesis/svea_charging/install/svea_core/lib/python3.12/site-packages/svea_core/__pycache__/rosonic.cpython-312.pyc
/home/eliasalbag/KTH/sveaMasterThesis/svea_charging/install/svea_core/lib/python3.12/site-packages/svea_core/__pycache__/__init__.cpython-312.pyc
/home/eliasalbag/KTH/sveaMasterThesis/svea_charging/install/svea_core/lib/python3.12/site-packages/svea_core/controllers/__pycache__/mpc.cpython-312.pyc
/home/eliasalbag/KTH/sveaMasterThesis/svea_charging/install/svea_core/lib/python3.12/site-packages/svea_core/controllers/__pycache__/pure_pursuit.cpython-312.pyc
/home/eliasalbag/KTH/sveaMasterThesis/svea_charging/install/svea_core/lib/python3.12/site-packages/svea_core/controllers/__pycache__/__init__.cpython-312.pyc
/home/eliasalbag/KTH/sveaMasterThesis/svea_charging/install/svea_core/lib/python3.12/site-packages/svea_core/utils/__pycache__/__init__.cpython-312.pyc
/home/eliasalbag/KTH/sveaMasterThesis/svea_charging/install/svea_core/lib/python3.12/site-packages/svea_core/utils/__pycache__/markers.cpython-312.pyc
/home/eliasalbag/KTH/sveaMasterThesis/svea_charging/install/svea_core/lib/python3.12/site-packages/svea_core/utils/__pycache__/path.cpython-312.pyc
/home/eliasalbag/KTH/sveaMasterThesis/svea_charging/install/svea_core/lib/python3.12/site-packages/svea_core/utils/__pycache__/viz_util.cpython-312.pyc
/home/eliasalbag/KTH/sveaMasterThesis/svea_charging/install/svea_core/lib/python3.12/site-packages/svea_core/models/__pycache__/bicycle.cpython-312.pyc
/home/eliasalbag/KTH/sveaMasterThesis/svea_charging/install/svea_core/lib/python3.12/site-packages/svea_core/models/__pycache__/platooning.cpython-312.pyc
/home/eliasalbag/KTH/sveaMasterThesis/svea_charging/install/svea_core/lib/python3.12/site-packages/svea_core/models/__pycache__/__init__.cpython-312.pyc
/home/eliasalbag/KTH/sveaMasterThesis/svea_charging/install/svea_core/lib/python3.12/site-packages/svea_core/interfaces/__pycache__/actuation.cpython-312.pyc
/home/eliasalbag/KTH/sveaMasterThesis/svea_charging/install/svea_core/lib/python3.12/site-packages/svea_core/interfaces/__pycache__/localization.cpython-312.pyc
/home/eliasalbag/KTH/sveaMasterThesis/svea_charging/install/svea_core/lib/python3.12/site-packages/svea_core/interfaces/__pycache__/rc.cpython-312.pyc
/home/eliasalbag/KTH/sveaMasterThesis/svea_charging/install/svea_core/lib/python3.12/site-packages/svea_core/interfaces/__pycache__/__init__.cpython-312.pyc
/home/eliasalbag/KTH/sveaMasterThesis/svea_charging/install/svea_core/lib/python3.12/site-packages/svea_core/interfaces/__pycache__/planner_interface.cpython-312.pyc
/home/eliasalbag/KTH/sveaMasterThesis/svea_charging/install/svea_core/lib/python3.12/site-packages/svea_core/interfaces/__pycache__/lidar.cpython-312.pyc
/home/eliasalbag/KTH/sveaMasterThesis/svea_charging/install/svea_core/lib/python3.12/site-packages/svea_core/tests/__pycache__/test_models.cpython-312.pyc
/home/eliasalbag/KTH/sveaMasterThesis/svea_charging/install/svea_core/lib/python3.12/site-packages/svea_core/tests/__pycache__/__init__.cpython-312.pyc
/home/eliasalbag/KTH/sveaMasterThesis/svea_charging/install/svea_core/share/ament_index/resource_index/packages/svea_core
/home/eliasalbag/KTH/sveaMasterThesis/svea_charging/install/svea_core/share/svea_core/package.xml
/home/eliasalbag/KTH/sveaMasterThesis/svea_charging/install/svea_core/share/svea_core/launch/simulation.xml
/home/eliasalbag/KTH/sveaMasterThesis/svea_charging/install/svea_core/share/svea_core/launch/map_and_foxglove.xml
/home/eliasalbag/KTH/sveaMasterThesis/svea_charging/install/svea_core/share/svea_core/launch/state_publisher_launch.xml
/home/eliasalbag/KTH/sveaMasterThesis/svea_charging/install/svea_core/share/svea_core/launch/lli_test.xml
/home/eliasalbag/KTH/sveaMasterThesis/svea_charging/install/svea_core/share/svea_core/launch/plot_map.xml
/home/eliasalbag/KTH/sveaMasterThesis/svea_charging/install/svea_core/share/svea_core/launch/save_map.xml
/home/eliasalbag/KTH/sveaMasterThesis/svea_charging/install/svea_core/share/svea_core/launch/svea_launch.xml
/home/eliasalbag/KTH/sveaMasterThesis/svea_charging/install/svea_core/share/svea_core/launch/svea_vizualization.launch.py
/home/eliasalbag/KTH/sveaMasterThesis/svea_charging/install/svea_core/share/svea_core/params/penn_state_lab_obstacles.yaml
/home/eliasalbag/KTH/sveaMasterThesis/svea_charging/install/svea_core/share/svea_core/params/mpc_default.yaml
/home/eliasalbag/KTH/sveaMasterThesis/svea_charging/install/svea_core/share/svea_core/params/mpc_default_path_tracking.yaml
/home/eliasalbag/KTH/sveaMasterThesis/svea_charging/install/svea_core/share/svea_core/params/floor2_obstacles.yaml
/home/eliasalbag/KTH/sveaMasterThesis/svea_charging/install/svea_core/share/svea_core/params/track.yaml
/home/eliasalbag/KTH/sveaMasterThesis/svea_charging/install/svea_core/share/svea_core/maps/sml.pgm
/home/eliasalbag/KTH/sveaMasterThesis/svea_charging/install/svea_core/share/svea_core/maps/floor2.pickle
/home/eliasalbag/KTH/sveaMasterThesis/svea_charging/install/svea_core/share/svea_core/maps/itrl.pgm
/home/eliasalbag/KTH/sveaMasterThesis/svea_charging/install/svea_core/share/svea_core/maps/penn_state_lab.yaml
/home/eliasalbag/KTH/sveaMasterThesis/svea_charging/install/svea_core/share/svea_core/maps/q1.yaml
/home/eliasalbag/KTH/sveaMasterThesis/svea_charging/install/svea_core/share/svea_core/maps/penn_state_lab.pgm
/home/eliasalbag/KTH/sveaMasterThesis/svea_charging/install/svea_core/share/svea_core/maps/q1.pgm
/home/eliasalbag/KTH/sveaMasterThesis/svea_charging/install/svea_core/share/svea_core/maps/sml.yaml
/home/eliasalbag/KTH/sveaMasterThesis/svea_charging/install/svea_core/share/svea_core/maps/floor2.yaml
/home/eliasalbag/KTH/sveaMasterThesis/svea_charging/install/svea_core/share/svea_core/maps/itrl.yaml
/home/eliasalbag/KTH/sveaMasterThesis/svea_charging/install/svea_core/share/svea_core/maps/floor2.pgm
/home/eliasalbag/KTH/sveaMasterThesis/svea_charging/install/svea_core/lib/svea_core/imu_bias_remover.py
/home/eliasalbag/KTH/sveaMasterThesis/svea_charging/install/svea_core/lib/svea_core/lidar_timer.py
/home/eliasalbag/KTH/sveaMasterThesis/svea_charging/install/svea_core/lib/svea_core/lli_test.py
/home/eliasalbag/KTH/sveaMasterThesis/svea_charging/install/svea_core/lib/svea_core/sim_lidar.py
/home/eliasalbag/KTH/sveaMasterThesis/svea_charging/install/svea_core/lib/svea_core/state_publisher.py
/home/eliasalbag/KTH/sveaMasterThesis/svea_charging/install/svea_core/lib/svea_core/plot_map.py
/home/eliasalbag/KTH/sveaMasterThesis/svea_charging/install/svea_core/lib/svea_core/model_viz.py
/home/eliasalbag/KTH/sveaMasterThesis/svea_charging/install/svea_core/lib/svea_core/encoder_filter.py
/home/eliasalbag/KTH/sveaMasterThesis/svea_charging/install/svea_core/lib/svea_core/sim_svea.py
/home/eliasalbag/KTH/sveaMasterThesis/svea_charging/install/svea_core/lib/svea_core/save_map.py
/home/eliasalbag/KTH/sveaMasterThesis/svea_charging/install/svea_core/share/svea_core/urdf/svea.urdf.xacro
/home/eliasalbag/KTH/sveaMasterThesis/svea_charging/install/svea_core/share/svea_core/meshes/lidar_base.stl
/home/eliasalbag/KTH/sveaMasterThesis/svea_charging/install/svea_core/share/svea_core/meshes/tire.stl
/home/eliasalbag/KTH/sveaMasterThesis/svea_charging/install/svea_core/share/svea_core/meshes/lidar_top.stl
/home/eliasalbag/KTH/sveaMasterThesis/svea_charging/install/svea_core/share/svea_core/meshes/body166.stl
/home/eliasalbag/KTH/sveaMasterThesis/svea_charging/install/svea_core/share/svea_core/meshes/body.stl
/home/eliasalbag/KTH/sveaMasterThesis/svea_charging/install/svea_core/share/svea_core/meshes/lidar_cap.stl
/home/eliasalbag/KTH/sveaMasterThesis/svea_charging/install/svea_core/share/svea_core/meshes/ZED_Box.stl
/home/eliasalbag/KTH/sveaMasterThesis/svea_charging/install/svea_core/share/svea_core/util/start_micro_ros.sh
/home/eliasalbag/KTH/sveaMasterThesis/svea_charging/install/svea_core/lib/python3.12/site-packages/svea_core-0.0.0-py3.12.egg-info/requires.txt
/home/eliasalbag/KTH/sveaMasterThesis/svea_charging/install/svea_core/lib/python3.12/site-packages/svea_core-0.0.0-py3.12.egg-info/top_level.txt
/home/eliasalbag/KTH/sveaMasterThesis/svea_charging/install/svea_core/lib/python3.12/site-packages/svea_core-0.0.0-py3.12.egg-info/dependency_links.txt
/home/eliasalbag/KTH/sveaMasterThesis/svea_charging/install/svea_core/lib/python3.12/site-packages/svea_core-0.0.0-py3.12.egg-info/SOURCES.txt
/home/eliasalbag/KTH/sveaMasterThesis/svea_charging/install/svea_core/lib/python3.12/site-packages/svea_core-0.0.0-py3.12.egg-info/zip-safe
/home/eliasalbag/KTH/sveaMasterThesis/svea_charging/install/svea_core/lib/python3.12/site-packages/svea_core-0.0.0-py3.12.egg-info/PKG-INFO
